Component: Arm Compiler for Embedded 6.19 Tool: armlink [5e73cb00]

==============================================================================

Section Cross References

    startup_stm32f030x6.o(RESET) refers to startup_stm32f030x6.o(STACK) for __initial_sp
    startup_stm32f030x6.o(RESET) refers to startup_stm32f030x6.o(.text) for Reset_Handler
    startup_stm32f030x6.o(RESET) refers to lto-llvm-e7916a.o(.text.NMI_Handler) for NMI_Handler
    startup_stm32f030x6.o(RESET) refers to lto-llvm-e7916a.o(.text.HardFault_Handler) for HardFault_Handler
    startup_stm32f030x6.o(RESET) refers to lto-llvm-e7916a.o(.text.SVC_Handler) for SVC_Handler
    startup_stm32f030x6.o(RESET) refers to lto-llvm-e7916a.o(.text.PendSV_Handler) for PendSV_Handler
    startup_stm32f030x6.o(RESET) refers to lto-llvm-e7916a.o(.text.SysTick_Handler) for SysTick_Handler
    startup_stm32f030x6.o(RESET) refers to lto-llvm-e7916a.o(.text.TIM14_IRQHandler) for TIM14_IRQHandler
    startup_stm32f030x6.o(RESET) refers to lto-llvm-e7916a.o(.text.USART1_IRQHandler) for USART1_IRQHandler
    startup_stm32f030x6.o(.text) refers to lto-llvm-e7916a.o(.text.SystemInit) for SystemInit
    startup_stm32f030x6.o(.text) refers to entry.o(.ARM.Collect$$$$00000000) for __main
    entry.o(.ARM.Collect$$$$00000000) refers (Special) to entry10a.o(.ARM.Collect$$$$0000000D) for __rt_final_cpp
    entry.o(.ARM.Collect$$$$00000000) refers (Special) to entry11a.o(.ARM.Collect$$$$0000000F) for __rt_final_exit
    entry.o(.ARM.Collect$$$$00000000) refers (Special) to entry7b.o(.ARM.Collect$$$$00000008) for _main_clock
    entry.o(.ARM.Collect$$$$00000000) refers (Special) to entry8b.o(.ARM.Collect$$$$0000000A) for _main_cpp_init
    entry.o(.ARM.Collect$$$$00000000) refers (Special) to entry9a.o(.ARM.Collect$$$$0000000B) for _main_init
    entry.o(.ARM.Collect$$$$00000000) refers (Special) to entry5.o(.ARM.Collect$$$$00000004) for _main_scatterload
    entry.o(.ARM.Collect$$$$00000000) refers (Special) to entry2.o(.ARM.Collect$$$$00000001) for _main_stk
    puts.o(i.puts) refers to fputc.o(i.fputc) for fputc
    puts.o(i.puts) refers to stdout.o(.data) for __stdout
    putchar.o(i.putchar) refers to fputc.o(i.fputc) for fputc
    putchar.o(i.putchar) refers to stdout.o(.data) for __stdout
    puts_e.o(.text) refers to fputc.o(i.fputc) for fputc
    puts_e.o(.text) refers to stdout.o(.data) for __stdout
    printfb.o(i.__0fprintf$bare) refers to printfb.o(i._printf_core) for _printf_core
    printfb.o(i.__0fprintf$bare) refers to fputc.o(i.fputc) for fputc
    printfb.o(i.__0printf$bare) refers to printfb.o(i._printf_core) for _printf_core
    printfb.o(i.__0printf$bare) refers to fputc.o(i.fputc) for fputc
    printfb.o(i.__0printf$bare) refers to stdout.o(.data) for __stdout
    printfb.o(i.__0snprintf$bare) refers to printfb.o(i._printf_core) for _printf_core
    printfb.o(i.__0snprintf$bare) refers to printfb.o(i._snputc) for _snputc
    printfb.o(i.__0sprintf$bare) refers to printfb.o(i._printf_core) for _printf_core
    printfb.o(i.__0sprintf$bare) refers to printfb.o(i._sputc) for _sputc
    printfb.o(i.__0vfprintf$bare) refers to printfb.o(i._printf_core) for _printf_core
    printfb.o(i.__0vfprintf$bare) refers to fputc.o(i.fputc) for fputc
    printfb.o(i.__0vprintf$bare) refers to printfb.o(i._printf_core) for _printf_core
    printfb.o(i.__0vprintf$bare) refers to fputc.o(i.fputc) for fputc
    printfb.o(i.__0vprintf$bare) refers to stdout.o(.data) for __stdout
    printfb.o(i.__0vsnprintf$bare) refers to printfb.o(i._printf_core) for _printf_core
    printfb.o(i.__0vsnprintf$bare) refers to printfb.o(i._snputc) for _snputc
    printfb.o(i.__0vsprintf$bare) refers to printfb.o(i._printf_core) for _printf_core
    printfb.o(i.__0vsprintf$bare) refers to printfb.o(i._sputc) for _sputc
    printf0.o(i.__0fprintf$0) refers to printf0.o(i._printf_core) for _printf_core
    printf0.o(i.__0fprintf$0) refers to fputc.o(i.fputc) for fputc
    printf0.o(i.__0printf$0) refers to printf0.o(i._printf_core) for _printf_core
    printf0.o(i.__0printf$0) refers to fputc.o(i.fputc) for fputc
    printf0.o(i.__0printf$0) refers to stdout.o(.data) for __stdout
    printf0.o(i.__0snprintf$0) refers to printf0.o(i._printf_core) for _printf_core
    printf0.o(i.__0snprintf$0) refers to printf0.o(i._snputc) for _snputc
    printf0.o(i.__0sprintf$0) refers to printf0.o(i._printf_core) for _printf_core
    printf0.o(i.__0sprintf$0) refers to printf0.o(i._sputc) for _sputc
    printf0.o(i.__0vfprintf$0) refers to printf0.o(i._printf_core) for _printf_core
    printf0.o(i.__0vfprintf$0) refers to fputc.o(i.fputc) for fputc
    printf0.o(i.__0vprintf$0) refers to printf0.o(i._printf_core) for _printf_core
    printf0.o(i.__0vprintf$0) refers to fputc.o(i.fputc) for fputc
    printf0.o(i.__0vprintf$0) refers to stdout.o(.data) for __stdout
    printf0.o(i.__0vsnprintf$0) refers to printf0.o(i._printf_core) for _printf_core
[...]
    lto-llvm-e7916a.o(.text.get_address) refers to lto-llvm-e7916a.o(.bss.jalousie_end) for [Anonymous Symbol]
    lto-llvm-e7916a.o(.text.get_address) refers to lto-llvm-e7916a.o(.bss.jalousie_start) for [Anonymous Symbol]
    lto-llvm-e7916a.o(.ARM.exidx.text.get_address) refers to lto-llvm-e7916a.o(.text.get_address) for [Anonymous Symbol]
    lto-llvm-e7916a.o(.text.start_effect) refers to lto-llvm-e7916a.o(.bss.uwTick) for [Anonymous Symbol]
    lto-llvm-e7916a.o(.text.start_effect) refers to lto-llvm-e7916a.o(.bss.led_state) for [Anonymous Symbol]
    lto-llvm-e7916a.o(.ARM.exidx.text.start_effect) refers to lto-llvm-e7916a.o(.text.start_effect) for [Anonymous Symbol]
    lto-llvm-e7916a.o(.text.main) refers to uidiv_div0.o(.text) for __aeabi_uidiv
    lto-llvm-e7916a.o(.text.main) refers to lto-llvm-e7916a.o(.text.HAL_GPIO_DeInit) for HAL_GPIO_DeInit
    lto-llvm-e7916a.o(.text.main) refers to lto-llvm-e7916a.o(.text.HAL_I2C_MspDeInit) for HAL_I2C_MspDeInit
    lto-llvm-e7916a.o(.text.main) refers to lto-llvm-e7916a.o(.text.HAL_UART_MspDeInit) for HAL_UART_MspDeInit
    lto-llvm-e7916a.o(.text.main) refers to lto-llvm-e7916a.o(.text.HAL_NVIC_SystemReset) for HAL_NVIC_SystemReset
    lto-llvm-e7916a.o(.text.main) refers to lto-llvm-e7916a.o(.data.SystemCoreClock) for [Anonymous Symbol]
    lto-llvm-e7916a.o(.text.main) refers to lto-llvm-e7916a.o(.bss.uwTick) for [Anonymous Symbol]
    lto-llvm-e7916a.o(.text.main) refers to lto-llvm-e7916a.o(.bss.hadc) for [Anonymous Symbol]
    lto-llvm-e7916a.o(.text.main) refers to lto-llvm-e7916a.o(.bss.htim14) for [Anonymous Symbol]
    lto-llvm-e7916a.o(.text.main) refers to lto-llvm-e7916a.o(.rodata.cst16) for [Anonymous Symbol]
    lto-llvm-e7916a.o(.text.main) refers to lto-llvm-e7916a.o(.text.HAL_GPIO_Init) for HAL_GPIO_Init
    lto-llvm-e7916a.o(.text.main) refers to lto-llvm-e7916a.o(.bss.hi2c1) for [Anonymous Symbol]
    lto-llvm-e7916a.o(.text.main) refers to lto-llvm-e7916a.o(.bss.huart1) for [Anonymous Symbol]
    lto-llvm-e7916a.o(.text.main) refers to lto-llvm-e7916a.o(.rodata.cst8) for [Anonymous Symbol]
    lto-llvm-e7916a.o(.text.main) refers to lto-llvm-e7916a.o(.text.UART_WaitOnFlagUntilTimeout) for UART_WaitOnFlagUntilTimeout
    lto-llvm-e7916a.o(.text.main) refers to lto-llvm-e7916a.o(.text.HAL_TIM_Base_Init) for HAL_TIM_Base_Init
    lto-llvm-e7916a.o(.text.main) refers to lto-llvm-e7916a.o(.text.HAL_TIM_Base_Start_IT) for HAL_TIM_Base_Start_IT
    lto-llvm-e7916a.o(.text.main) refers to memseta.o(.text) for __aeabi_memclr4
    lto-llvm-e7916a.o(.text.main) refers to lto-llvm-e7916a.o(.text.TF_AddTypeListener) for TF_AddTypeListener
    lto-llvm-e7916a.o(.text.main) refers to lto-llvm-e7916a.o(.text.HAL_UART_Receive_IT) for HAL_UART_Receive_IT
    lto-llvm-e7916a.o(.text.main) refers to lto-llvm-e7916a.o(.text.ee_load) for ee_load
    lto-llvm-e7916a.o(.text.main) refers to lto-llvm-e7916a.o(.text.get_address) for get_address
    lto-llvm-e7916a.o(.text.main) refers to lto-llvm-e7916a.o(.text.start_effect) for start_effect
    lto-llvm-e7916a.o(.text.main) refers to lto-llvm-e7916a.o(.bss.init_tf) for [Anonymous Symbol]
    lto-llvm-e7916a.o(.text.main) refers to lto-llvm-e7916a.o(.bss.tfapp) for [Anonymous Symbol]
    lto-llvm-e7916a.o(.text.main) refers to lto-llvm-e7916a.o(.text.JALOUSIE_GET_Listener) for JALOUSIE_GET_Listener
    lto-llvm-e7916a.o(.text.main) refers to lto-llvm-e7916a.o(.text.JALOUSIE_SET_Listener) for JALOUSIE_SET_Listener
    lto-llvm-e7916a.o(.text.main) refers to lto-llvm-e7916a.o(.text.JALOUSIE_SETUP_Listener) for JALOUSIE_SETUP_Listener
    lto-llvm-e7916a.o(.text.main) refers to lto-llvm-e7916a.o(.text.JALOUSIE_RESET_Listener) for JALOUSIE_RESET_Listener
    lto-llvm-e7916a.o(.text.main) refers to lto-llvm-e7916a.o(.bss.eesta) for [Anonymous Symbol]
    lto-llvm-e7916a.o(.text.main) refers to lto-llvm-e7916a.o(.bss.reset) for [Anonymous Symbol]
    lto-llvm-e7916a.o(.text.main) refers to lto-llvm-e7916a.o(.bss.jalousie) for [Anonymous Symbol]
    lto-llvm-e7916a.o(.text.main) refers to lto-llvm-e7916a.o(.bss.button_select_prev) for [Anonymous Symbol]
    lto-llvm-e7916a.o(.text.main) refers to lto-llvm-e7916a.o(.bss.menu_activ) for [Anonymous Symbol]
    lto-llvm-e7916a.o(.text.main) refers to lto-llvm-e7916a.o(.bss.toggle_state) for [Anonymous Symbol]
    lto-llvm-e7916a.o(.text.main) refers to lto-llvm-e7916a.o(.bss.first_toggle) for [Anonymous Symbol]
    lto-llvm-e7916a.o(.text.main) refers to lto-llvm-e7916a.o(.data.selected_channel) for [Anonymous Symbol]
    lto-llvm-e7916a.o(.text.main) refers to lto-llvm-e7916a.o(.bss.led_state) for [Anonymous Symbol]
    lto-llvm-e7916a.o(.text.main) refers to lto-llvm-e7916a.o(.bss.menu_timer) for [Anonymous Symbol]
    lto-llvm-e7916a.o(.text.main) refers to lto-llvm-e7916a.o(.bss.button_up_prev) for [Anonymous Symbol]
    lto-llvm-e7916a.o(.text.main) refers to lto-llvm-e7916a.o(.bss.button_down_prev) for [Anonymous Symbol]
    lto-llvm-e7916a.o(.text.main) refers to lto-llvm-e7916a.o(.text.HAL_I2C_Mem_Write) for HAL_I2C_Mem_Write
    lto-llvm-e7916a.o(.text.main) refers to lto-llvm-e7916a.o(.bss.last_toggle_time) for [Anonymous Symbol]
    lto-llvm-e7916a.o(.text.main) refers to lto-llvm-e7916a.o(.rodata.cst32) for [Anonymous Symbol]
    lto-llvm-e7916a.o(.text.main) refers to lto-llvm-e7916a.o(.bss.jalousie_tmr) for [Anonymous Symbol]
    lto-llvm-e7916a.o(.text.main) refers to lto-llvm-e7916a.o(.data.jalousie_timeout) for [Anonymous Symbol]
    lto-llvm-e7916a.o(.text.main) refers to lto-llvm-e7916a.o(.bss.ee_save_flag) for [Anonymous Symbol]
    lto-llvm-e7916a.o(.text.main) refers to lto-llvm-e7916a.o(.bss.ee_check.last_eeprom_check) for [Anonymous Symbol]
    lto-llvm-e7916a.o(.ARM.exidx.text.main) refers to lto-llvm-e7916a.o(.text.main) for [Anonymous Symbol]
    lto-llvm-e7916a.o(.text.JALOUSIE_GET_Listener) refers to uidiv_div0.o(.text) for __aeabi_uidiv
    lto-llvm-e7916a.o(.text.JALOUSIE_GET_Listener) refers to lto-llvm-e7916a.o(.text.TF_Respond) for TF_Respond
    lto-llvm-e7916a.o(.text.JALOUSIE_GET_Listener) refers to lto-llvm-e7916a.o(.bss.my_address) for [Anonymous Symbol]
    lto-llvm-e7916a.o(.text.JALOUSIE_GET_Listener) refers to lto-llvm-e7916a.o(.bss.jalousie_start) for [Anonymous Symbol]
    lto-llvm-e7916a.o(.text.JALOUSIE_GET_Listener) refers to lto-llvm-e7916a.o(.bss.jalousie_end) for [Anonymous Symbol]
    lto-llvm-e7916a.o(.text.JALOUSIE_GET_Listener) refers to lto-llvm-e7916a.o(.bss.jalousie) for [Anonymous Symbol]
    lto-llvm-e7916a.o(.text.JALOUSIE_GET_Listener) refers to lto-llvm-e7916a.o(.data.jalousie_timeout) for [Anonymous Symbol]
    lto-llvm-e7916a.o(.ARM.exidx.text.JALOUSIE_GET_Listener) refers to lto-llvm-e7916a.o(.text.JALOUSIE_GET_Listener) for [Anonymous Symbol]
    lto-llvm-e7916a.o(.text.JALOUSIE_SET_Listener) refers to lto-llvm-e7916a.o(.text.TF_Respond) for TF_Respond
    lto-llvm-e7916a.o(.text.JALOUSIE_SET_Listener) refers to lto-llvm-e7916a.o(.bss.my_address) for [Anonymous Symbol]
    lto-llvm-e7916a.o(.text.JALOUSIE_SET_Listener) refers to lto-llvm-e7916a.o(.bss.jalousie_start) for [Anonymous Symbol]
    lto-llvm-e7916a.o(.text.JALOUSIE_SET_Listener) refers to lto-llvm-e7916a.o(.bss.jalousie_end) for [Anonymous Symbol]
    lto-llvm-e7916a.o(.text.JALOUSIE_SET_Listener) refers to lto-llvm-e7916a.o(.bss.jalousie) for [Anonymous Symbol]
    lto-llvm-e7916a.o(.text.JALOUSIE_SET_Listener) refers to lto-llvm-e7916a.o(.bss.led_state) for [Anonymous Symbol]
    lto-llvm-e7916a.o(.ARM.exidx.text.JALOUSIE_SET_Listener) refers to lto-llvm-e7916a.o(.text.JALOUSIE_SET_Listener) for [Anonymous Symbol]
    lto-llvm-e7916a.o(.text.JALOUSIE_SETUP_Listener) refers to lto-llvm-e7916a.o(.text.TF_Respond) for TF_Respond
    lto-llvm-e7916a.o(.text.JALOUSIE_SETUP_Listener) refers to lto-llvm-e7916a.o(.bss.my_address) for [Anonymous Symbol]
    lto-llvm-e7916a.o(.text.JALOUSIE_SETUP_Listener) refers to lto-llvm-e7916a.o(.bss.jalousie_start) for [Anonymous Symbol]
    lto-llvm-e7916a.o(.text.JALOUSIE_SETUP_Listener) refers to lto-llvm-e7916a.o(.bss.jalousie_end) for [Anonymous Symbol]
    lto-llvm-e7916a.o(.text.JALOUSIE_SETUP_Listener) refers to lto-llvm-e7916a.o(.bss.eesta) for [Anonymous Symbol]
    lto-llvm-e7916a.o(.text.JALOUSIE_SETUP_Listener) refers to lto-llvm-e7916a.o(.data.jalousie_timeout) for [Anonymous Symbol]
    lto-llvm-e7916a.o(.text.JALOUSIE_SETUP_Listener) refers to lto-llvm-e7916a.o(.bss.ee_save_flag) for [Anonymous Symbol]
    lto-llvm-e7916a.o(.ARM.exidx.text.JALOUSIE_SETUP_Listener) refers to lto-llvm-e7916a.o(.text.JALOUSIE_SETUP_Listener) for [Anonymous Symbol]
    lto-llvm-e7916a.o(.text.JALOUSIE_RESET_Listener) refers to lto-llvm-e7916a.o(.text.TF_Respond) for TF_Respond
    lto-llvm-e7916a.o(.text.JALOUSIE_RESET_Listener) refers to lto-llvm-e7916a.o(.bss.my_address) for [Anonymous Symbol]
    lto-llvm-e7916a.o(.text.JALOUSIE_RESET_Listener) refers to lto-llvm-e7916a.o(.bss.jalousie_start) for [Anonymous Symbol]
    lto-llvm-e7916a.o(.text.JALOUSIE_RESET_Listener) refers to lto-llvm-e7916a.o(.bss.jalousie_end) for [Anonymous Symbol]
    lto-llvm-e7916a.o(.text.JALOUSIE_RESET_Listener) refers to lto-llvm-e7916a.o(.bss.reset) for [Anonymous Symbol]
    lto-llvm-e7916a.o(.ARM.exidx.text.JALOUSIE_RESET_Listener) refers to lto-llvm-e7916a.o(.text.JALOUSIE_RESET_Listener) for [Anonymous Symbol]
    lto-llvm-e7916a.o(.text.ee_load) refers to lto-llvm-e7916a.o(.text.HAL_I2C_Mem_Read) for HAL_I2C_Mem_Read
    lto-llvm-e7916a.o(.text.ee_load) refers to lto-llvm-e7916a.o(.data.jalousie_timeout) for [Anonymous Symbol]
    lto-llvm-e7916a.o(.text.ee_load) refers to lto-llvm-e7916a.o(.bss.eesta) for [Anonymous Symbol]
    lto-llvm-e7916a.o(.ARM.exidx.text.ee_load) refers to lto-llvm-e7916a.o(.text.ee_load) for [Anonymous Symbol]
    lto-llvm-e7916a.o(.text.TF_WriteImpl) refers to lto-llvm-e7916a.o(.text.HAL_UART_Receive_IT) for HAL_UART_Receive_IT
    lto-llvm-e7916a.o(.text.TF_WriteImpl) refers to lto-llvm-e7916a.o(.bss.huart1) for [Anonymous Symbol]
    lto-llvm-e7916a.o(.text.TF_WriteImpl) refers to lto-llvm-e7916a.o(.bss.uwTick) for [Anonymous Symbol]
    lto-llvm-e7916a.o(.ARM.exidx.text.TF_WriteImpl) refers to lto-llvm-e7916a.o(.text.TF_WriteImpl) for [Anonymous Symbol]
    lto-llvm-e7916a.o(.text.HAL_UART_RxCpltCallback) refers to lto-llvm-e7916a.o(.text.HAL_UART_Receive_IT) for HAL_UART_Receive_IT
    lto-llvm-e7916a.o(.text.HAL_UART_RxCpltCallback) refers to lto-llvm-e7916a.o(.text.TF_HandleReceivedMessage) for TF_HandleReceivedMessage
    lto-llvm-e7916a.o(.text.HAL_UART_RxCpltCallback) refers to lto-llvm-e7916a.o(.bss.tfapp) for [Anonymous Symbol]
    lto-llvm-e7916a.o(.text.HAL_UART_RxCpltCallback) refers to lto-llvm-e7916a.o(.bss.rec) for [Anonymous Symbol]
    lto-llvm-e7916a.o(.text.HAL_UART_RxCpltCallback) refers to lto-llvm-e7916a.o(.rodata.crc16_table) for [Anonymous Symbol]
    lto-llvm-e7916a.o(.ARM.exidx.text.HAL_UART_RxCpltCallback) refers to lto-llvm-e7916a.o(.text.HAL_UART_RxCpltCallback) for [Anonymous Symbol]
    lto-llvm-e7916a.o(.text.HAL_UART_ErrorCallback) refers to lto-llvm-e7916a.o(.text.HAL_UART_Receive_IT) for HAL_UART_Receive_IT
    lto-llvm-e7916a.o(.text.HAL_UART_ErrorCallback) refers to lto-llvm-e7916a.o(.bss.huart1) for [Anonymous Symbol]
    lto-llvm-e7916a.o(.ARM.exidx.text.HAL_UART_ErrorCallback) refers to lto-llvm-e7916a.o(.text.HAL_UART_ErrorCallback) for [Anonymous Symbol]
    lto-llvm-e7916a.o(.ARM.exidx.text.NMI_Handler) refers to lto-llvm-e7916a.o(.text.NMI_Handler) for [Anonymous Symbol]
    lto-llvm-e7916a.o(.ARM.exidx.text.HardFault_Handler) refers to lto-llvm-e7916a.o(.text.HardFault_Handler) for [Anonymous Symbol]
    lto-llvm-e7916a.o(.ARM.exidx.text.SVC_Handler) refers to lto-llvm-e7916a.o(.text.SVC_Handler) for [Anonymous Symbol]
    lto-llvm-e7916a.o(.ARM.exidx.text.PendSV_Handler) refers to lto-llvm-e7916a.o(.text.PendSV_Handler) for [Anonymous Symbol]
    lto-llvm-e7916a.o(.text.SysTick_Handler) refers to lto-llvm-e7916a.o(.bss.uwTick) for [Anonymous Symbol]
    lto-llvm-e7916a.o(.text.SysTick_Handler) refers to lto-llvm-e7916a.o(.bss.init_tf) for [Anonymous Symbol]
    lto-llvm-e7916a.o(.text.SysTick_Handler) refers to lto-llvm-e7916a.o(.bss.tfapp) for [Anonymous Symbol]
    lto-llvm-e7916a.o(.ARM.exidx.text.SysTick_Handler) refers to lto-llvm-e7916a.o(.text.SysTick_Handler) for [Anonymous Symbol]
    lto-llvm-e7916a.o(.text.TIM14_IRQHandler) refers to lto-llvm-e7916a.o(.bss.htim14) for [Anonymous Symbol]
    lto-llvm-e7916a.o(.text.TIM14_IRQHandler) refers to lto-llvm-e7916a.o(.bss.active_row) for [Anonymous Symbol]
    lto-llvm-e7916a.o(.text.TIM14_IRQHandler) refers to lto-llvm-e7916a.o(.bss.led_state) for [Anonymous Symbol]
    lto-llvm-e7916a.o(.ARM.exidx.text.TIM14_IRQHandler) refers to lto-llvm-e7916a.o(.text.TIM14_IRQHandler) for [Anonymous Symbol]
    lto-llvm-e7916a.o(.text.USART1_IRQHandler) refers to lto-llvm-e7916a.o(.text.HAL_UART_ErrorCallback) for HAL_UART_ErrorCallback
    lto-llvm-e7916a.o(.text.USART1_IRQHandler) refers to lto-llvm-e7916a.o(.bss.huart1) for [Anonymous Symbol]
    lto-llvm-e7916a.o(.text.USART1_IRQHandler) refers to lto-llvm-e7916a.o(.text.UART_DMAAbortOnError) for UART_DMAAbortOnError
    lto-llvm-e7916a.o(.ARM.exidx.text.USART1_IRQHandler) refers to lto-llvm-e7916a.o(.text.USART1_IRQHandler) for [Anonymous Symbol]
    lto-llvm-e7916a.o(.text.HAL_I2C_MspDeInit) refers to lto-llvm-e7916a.o(.text.HAL_GPIO_DeInit) for HAL_GPIO_DeInit
    lto-llvm-e7916a.o(.text.HAL_I2C_MspDeInit) refers to lto-llvm-e7916a.o(.bss.hi2c1) for [Anonymous Symbol]
    lto-llvm-e7916a.o(.ARM.exidx.text.HAL_I2C_MspDeInit) refers to lto-llvm-e7916a.o(.text.HAL_I2C_MspDeInit) for [Anonymous Symbol]
    lto-llvm-e7916a.o(.text.HAL_UART_MspDeInit) refers to lto-llvm-e7916a.o(.text.HAL_GPIO_DeInit) for HAL_GPIO_DeInit
    lto-llvm-e7916a.o(.text.HAL_UART_MspDeInit) refers to lto-llvm-e7916a.o(.bss.huart1) for [Anonymous Symbol]
    lto-llvm-e7916a.o(.ARM.exidx.text.HAL_UART_MspDeInit) refers to lto-llvm-e7916a.o(.text.HAL_UART_MspDeInit) for [Anonymous Symbol]
    lto-llvm-e7916a.o(.text.TF_AddTypeListener) refers to lto-llvm-e7916a.o(.bss.tfapp) for [Anonymous Symbol]
    lto-llvm-e7916a.o(.ARM.exidx.text.TF_AddTypeListener) refers to lto-llvm-e7916a.o(.text.TF_AddTypeListener) for [Anonymous Symbol]
    lto-llvm-e7916a.o(.text.TF_HandleReceivedMessage) refers to lto-llvm-e7916a.o(.bss.tfapp) for [Anonymous Symbol]
    lto-llvm-e7916a.o(.ARM.exidx.text.TF_HandleReceivedMessage) refers to lto-llvm-e7916a.o(.text.TF_HandleReceivedMessage) for [Anonymous Symbol]
    lto-llvm-e7916a.o(.text.TF_Respond) refers to lto-llvm-e7916a.o(.text.TF_WriteImpl) for TF_WriteImpl
    lto-llvm-e7916a.o(.text.TF_Respond) refers to lto-llvm-e7916a.o(.rodata.crc16_table) for [Anonymous Symbol]
    lto-llvm-e7916a.o(.ARM.exidx.text.TF_Respond) refers to lto-llvm-e7916a.o(.text.TF_Respond) for [Anonymous Symbol]
    lto-llvm-e7916a.o(.text.I2C_IsErrorOccurred) refers to lto-llvm-e7916a.o(.bss.hi2c1) for [Anonymous Symbol]
    lto-llvm-e7916a.o(.text.I2C_IsErrorOccurred) refers to lto-llvm-e7916a.o(.bss.uwTick) for [Anonymous Symbol]
    lto-llvm-e7916a.o(.ARM.exidx.text.I2C_IsErrorOccurred) refers to lto-llvm-e7916a.o(.text.I2C_IsErrorOccurred) for [Anonymous Symbol]
    lto-llvm-e7916a.o(.text.I2C_WaitOnSTOPFlagUntilTimeout) refers to lto-llvm-e7916a.o(.text.I2C_IsErrorOccurred) for I2C_IsErrorOccurred
    lto-llvm-e7916a.o(.text.I2C_WaitOnSTOPFlagUntilTimeout) refers to lto-llvm-e7916a.o(.bss.hi2c1) for [Anonymous Symbol]
    lto-llvm-e7916a.o(.text.I2C_WaitOnSTOPFlagUntilTimeout) refers to lto-llvm-e7916a.o(.bss.uwTick) for [Anonymous Symbol]
    lto-llvm-e7916a.o(.ARM.exidx.text.I2C_WaitOnSTOPFlagUntilTimeout) refers to lto-llvm-e7916a.o(.text.I2C_WaitOnSTOPFlagUntilTimeout) for [Anonymous Symbol]
    lto-llvm-e7916a.o(.text.HAL_I2C_Mem_Write) refers to lto-llvm-e7916a.o(.text.I2C_IsErrorOccurred) for I2C_IsErrorOccurred
    lto-llvm-e7916a.o(.text.HAL_I2C_Mem_Write) refers to lto-llvm-e7916a.o(.text.I2C_WaitOnSTOPFlagUntilTimeout) for I2C_WaitOnSTOPFlagUntilTimeout
    lto-llvm-e7916a.o(.text.HAL_I2C_Mem_Write) refers to lto-llvm-e7916a.o(.bss.hi2c1) for [Anonymous Symbol]
    lto-llvm-e7916a.o(.text.HAL_I2C_Mem_Write) refers to lto-llvm-e7916a.o(.bss.uwTick) for [Anonymous Symbol]
    lto-llvm-e7916a.o(.ARM.exidx.text.HAL_I2C_Mem_Write) refers to lto-llvm-e7916a.o(.text.HAL_I2C_Mem_Write) for [Anonymous Symbol]
    lto-llvm-e7916a.o(.text.HAL_I2C_Mem_Read) refers to lto-llvm-e7916a.o(.text.I2C_IsErrorOccurred) for I2C_IsErrorOccurred
    lto-llvm-e7916a.o(.text.HAL_I2C_Mem_Read) refers to lto-llvm-e7916a.o(.text.I2C_WaitOnSTOPFlagUntilTimeout) for I2C_WaitOnSTOPFlagUntilTimeout
    lto-llvm-e7916a.o(.text.HAL_I2C_Mem_Read) refers to lto-llvm-e7916a.o(.bss.hi2c1) for [Anonymous Symbol]
    lto-llvm-e7916a.o(.text.HAL_I2C_Mem_Read) refers to lto-llvm-e7916a.o(.bss.uwTick) for [Anonymous Symbol]
    lto-llvm-e7916a.o(.ARM.exidx.text.HAL_I2C_Mem_Read) refers to lto-llvm-e7916a.o(.text.HAL_I2C_Mem_Read) for [Anonymous Symbol]
    lto-llvm-e7916a.o(.ARM.exidx.text.HAL_GPIO_Init) refers to lto-llvm-e7916a.o(.text.HAL_GPIO_Init) for [Anonymous Symbol]
    lto-llvm-e7916a.o(.ARM.exidx.text.HAL_GPIO_DeInit) refers to lto-llvm-e7916a.o(.text.HAL_GPIO_DeInit) for [Anonymous Symbol]
    lto-llvm-e7916a.o(.ARM.exidx.text.HAL_NVIC_SystemReset) refers to lto-llvm-e7916a.o(.text.HAL_NVIC_SystemReset) for [Anonymous Symbol]
    lto-llvm-e7916a.o(.text.HAL_TIM_Base_Init) refers to lto-llvm-e7916a.o(.bss.htim14) for [Anonymous Symbol]
    lto-llvm-e7916a.o(.ARM.exidx.text.HAL_TIM_Base_Init) refers to lto-llvm-e7916a.o(.text.HAL_TIM_Base_Init) for [Anonymous Symbol]
    lto-llvm-e7916a.o(.text.HAL_TIM_Base_Start_IT) refers to lto-llvm-e7916a.o(.bss.htim14) for [Anonymous Symbol]
    lto-llvm-e7916a.o(.ARM.exidx.text.HAL_TIM_Base_Start_IT) refers to lto-llvm-e7916a.o(.text.HAL_TIM_Base_Start_IT) for [Anonymous Symbol]
    lto-llvm-e7916a.o(.text.UART_WaitOnFlagUntilTimeout) refers to lto-llvm-e7916a.o(.bss.uwTick) for [Anonymous Symbol]
    lto-llvm-e7916a.o(.ARM.exidx.text.UART_WaitOnFlagUntilTimeout) refers to lto-llvm-e7916a.o(.text.UART_WaitOnFlagUntilTimeout) for [Anonymous Symbol]
    lto-llvm-e7916a.o(.text.HAL_UART_Receive_IT) refers to lto-llvm-e7916a.o(.bss.huart1) for [Anonymous Symbol]
    lto-llvm-e7916a.o(.text.HAL_UART_Receive_IT) refers to lto-llvm-e7916a.o(.bss.rec) for [Anonymous Symbol]
    lto-llvm-e7916a.o(.text.HAL_UART_Receive_IT) refers to lto-llvm-e7916a.o(.text.UART_RxISR_8BIT) for UART_RxISR_8BIT
    lto-llvm-e7916a.o(.text.HAL_UART_Receive_IT) refers to lto-llvm-e7916a.o(.text.UART_RxISR_16BIT) for UART_RxISR_16BIT
    lto-llvm-e7916a.o(.ARM.exidx.text.HAL_UART_Receive_IT) refers to lto-llvm-e7916a.o(.text.HAL_UART_Receive_IT) for [Anonymous Symbol]
    lto-llvm-e7916a.o(.text.UART_RxISR_8BIT) refers to lto-llvm-e7916a.o(.text.HAL_UART_RxCpltCallback) for HAL_UART_RxCpltCallback
    lto-llvm-e7916a.o(.ARM.exidx.text.UART_RxISR_8BIT) refers to lto-llvm-e7916a.o(.text.UART_RxISR_8BIT) for [Anonymous Symbol]
    lto-llvm-e7916a.o(.text.UART_RxISR_16BIT) refers to lto-llvm-e7916a.o(.text.HAL_UART_RxCpltCallback) for HAL_UART_RxCpltCallback
    lto-llvm-e7916a.o(.ARM.exidx.text.UART_RxISR_16BIT) refers to lto-llvm-e7916a.o(.text.UART_RxISR_16BIT) for [Anonymous Symbol]
    lto-llvm-e7916a.o(.text.UART_DMAAbortOnError) refers to lto-llvm-e7916a.o(.text.HAL_UART_ErrorCallback) for HAL_UART_ErrorCallback
    lto-llvm-e7916a.o(.ARM.exidx.text.UART_DMAAbortOnError) refers to lto-llvm-e7916a.o(.text.UART_DMAAbortOnError) for [Anonymous Symbol]
    lto-llvm-e7916a.o(.ARM.exidx.text.SystemInit) refers to lto-llvm-e7916a.o(.text.SystemInit) for [Anonymous Symbol]
    depilogue.o(i.__ARM_clz) refers (Special) to iusefp.o(.text) for __I$use$fp


==============================================================================

Removing Unused input sections from the image.

    Removing startup_stm32f030x6.o(HEAP), (512 bytes).
    Removing dadd.o(.text), (356 bytes).
    Removing dmul.o(.text), (208 bytes).
    Removing ddiv.o(.text), (240 bytes).
    Removing dfixul.o(.text), (64 bytes).
    Removing cdrcmple.o(.text), (40 bytes).
    Removing depilogue.o(.text), (190 bytes).
    Removing lto-llvm-e7916a.o(.text), (0 bytes).
    Removing lto-llvm-e7916a.o(.ARM.exidx.text.get_address), (8 bytes).
    Removing lto-llvm-e7916a.o(.ARM.exidx.text.start_effect), (8 bytes).
    Removing lto-llvm-e7916a.o(.ARM.exidx.text.main), (8 bytes).
    Removing lto-llvm-e7916a.o(.ARM.exidx.text.JALOUSIE_GET_Listener), (8 bytes).
    Removing lto-llvm-e7916a.o(.ARM.exidx.text.JALOUSIE_SET_Listener), (8 bytes).
    Removing lto-llvm-e7916a.o(.ARM.exidx.text.JALOUSIE_SETUP_Listener), (8 bytes).
    Removing lto-llvm-e7916a.o(.ARM.exidx.text.JALOUSIE_RESET_Listener), (8 bytes).
    Removing lto-llvm-e7916a.o(.ARM.exidx.text.ee_load), (8 bytes).
    Removing lto-llvm-e7916a.o(.ARM.exidx.text.TF_WriteImpl), (8 bytes).
    Removing lto-llvm-e7916a.o(.ARM.exidx.text.HAL_UART_RxCpltCallback), (8 bytes).
    Removing lto-llvm-e7916a.o(.ARM.exidx.text.HAL_UART_ErrorCallback), (8 bytes).
    Removing lto-llvm-e7916a.o(.ARM.exidx.text.NMI_Handler), (8 bytes).
    Removing lto-llvm-e7916a.o(.ARM.exidx.text.HardFault_Handler), (8 bytes).
    Removing lto-llvm-e7916a.o(.ARM.exidx.text.SVC_Handler), (8 bytes).
    Removing lto-llvm-e7916a.o(.ARM.exidx.text.PendSV_Handler), (8 bytes).
    Removing lto-llvm-e7916a.o(.ARM.exidx.text.SysTick_Handler), (8 bytes).
    Removing lto-llvm-e7916a.o(.ARM.exidx.text.TIM14_IRQHandler), (8 bytes).
    Removing lto-llvm-e7916a.o(.ARM.exidx.text.USART1_IRQHandler), (8 bytes).
    Removing lto-llvm-e7916a.o(.ARM.exidx.text.HAL_I2C_MspDeInit), (8 bytes).
    Removing lto-llvm-e7916a.o(.ARM.exidx.text.HAL_UART_MspDeInit), (8 bytes).
    Removing lto-llvm-e7916a.o(.ARM.exidx.text.TF_AddTypeListener), (8 bytes).
    Removing lto-llvm-e7916a.o(.ARM.exidx.text.TF_HandleReceivedMessage), (8 bytes).
    Removing lto-llvm-e7916a.o(.ARM.exidx.text.TF_Respond), (8 bytes).
    Removing lto-llvm-e7916a.o(.ARM.exidx.text.I2C_IsErrorOccurred), (8 bytes).
    Removing lto-llvm-e7916a.o(.ARM.exidx.text.I2C_WaitOnSTOPFlagUntilTimeout), (8 bytes).
    Removing lto-llvm-e7916a.o(.ARM.exidx.text.HAL_I2C_Mem_Write), (8 bytes).
    Removing lto-llvm-e7916a.o(.ARM.exidx.text.HAL_I2C_Mem_Read), (8 bytes).
    Removing lto-llvm-e7916a.o(.ARM.exidx.text.HAL_GPIO_Init), (8 bytes).
    Removing lto-llvm-e7916a.o(.ARM.exidx.text.HAL_GPIO_DeInit), (8 bytes).
    Removing lto-llvm-e7916a.o(.ARM.exidx.text.HAL_NVIC_SystemReset), (8 bytes).
    Removing lto-llvm-e7916a.o(.ARM.exidx.text.HAL_TIM_Base_Init), (8 bytes).
    Removing lto-llvm-e7916a.o(.ARM.exidx.text.HAL_TIM_Base_Start_IT), (8 bytes).
    Removing lto-llvm-e7916a.o(.ARM.exidx.text.UART_WaitOnFlagUntilTimeout), (8 bytes).
    Removing lto-llvm-e7916a.o(.ARM.exidx.text.HAL_UART_Receive_IT), (8 bytes).
    Removing lto-llvm-e7916a.o(.ARM.exidx.text.UART_RxISR_8BIT), (8 bytes).
    Removing lto-llvm-e7916a.o(.ARM.exidx.text.UART_RxISR_16BIT), (8 bytes).
    Removing lto-llvm-e7916a.o(.ARM.exidx.text.UART_DMAAbortOnError), (8 bytes).
    Removing lto-llvm-e7916a.o(.ARM.exidx.text.SystemInit), (8 bytes).
    Removing lto-llvm-e7916a.o(.ARM.use_no_argv), (4 bytes).
    Removing depilogue.o(i.__ARM_clz), (46 bytes).

48 unused section(s) (total 1964 bytes) removed from the image.

==============================================================================

Image Symbol Table

    Local Symbols

    Symbol Name                              Value     Ov Type        Size  Object(Section)

    ../clib/division.s                       0x00000000   Number         0  aeabi_sdiv.o ABSOLUTE
    ../clib/division.s                       0x00000000   Number         0  aeabi_sdiv_div0.o ABSOLUTE
    ../clib/microlib/division.c              0x00000000   Number         0  uidiv.o ABSOLUTE
    ../clib/microlib/division.c              0x00000000   Number         0  uldiv.o ABSOLUTE
    ../clib/microlib/division.c              0x00000000   Number         0  uidiv_div0.o ABSOLUTE
    ../clib/microlib/division.c              0x00000000   Number         0  idiv_div0.o ABSOLUTE
    ../clib/microlib/division.c              0x00000000   Number         0  idiv0.o ABSOLUTE
    ../clib/microlib/init/entry.s            0x00000000   Number         0  entry.o ABSOLUTE
    ../clib/microlib/init/entry.s            0x00000000   Number         0  entry2.o ABSOLUTE
    ../clib/microlib/init/entry.s            0x00000000   Number         0  entry5.o ABSOLUTE
    ../clib/microlib/init/entry.s            0x00000000   Number         0  entry7a.o ABSOLUTE
    ../clib/microlib/init/entry.s            0x00000000   Number         0  entry7b.o ABSOLUTE
    ../clib/microlib/init/entry.s            0x00000000   Number         0  entry8a.o ABSOLUTE
    ../clib/microlib/init/entry.s            0x00000000   Number         0  entry8b.o ABSOLUTE
    ../clib/microlib/init/entry.s            0x00000000   Number         0  entry9a.o ABSOLUTE
    ../clib/microlib/init/entry.s            0x00000000   Number         0  entry9b.o ABSOLUTE
    ../clib/microlib/init/entry.s            0x00000000   Number         0  entry10a.o ABSOLUTE
    ../clib/microlib/init/entry.s            0x00000000   Number         0  entry10b.o ABSOLUTE
    ../clib/microlib/init/entry.s            0x00000000   Number         0  entry11a.o ABSOLUTE
    ../clib/microlib/init/entry.s            0x00000000   Number         0  entry11b.o ABSOLUTE
    ../clib/microlib/longlong.c              0x00000000   Number         0  llshl.o ABSOLUTE
    ../clib/microlib/longlong.c              0x00000000   Number         0  llushr.o ABSOLUTE
    ../clib/microlib/longlong.c              0x00000000   Number         0  llsshr.o ABSOLUTE
    ../clib/microlib/malloc/malloc.c         0x00000000   Number         0  malloc.o ABSOLUTE
    ../clib/microlib/malloc/malloc.c         0x00000000   Number         0  mallocr.o ABSOLUTE
    ../clib/microlib/malloc/malloc.c         0x00000000   Number         0  malloca.o ABSOLUTE
    ../clib/microlib/malloc/malloc.c         0x00000000   Number         0  mallocra.o ABSOLUTE
    ../clib/microlib/malloc/mvars.c          0x00000000   Number         0  mvars.o ABSOLUTE
    ../clib/microlib/printf/printf.c         0x00000000   Number         0  printfb.o ABSOLUTE
    ../clib/microlib/printf/printf.c         0x00000000   Number         0  printf0.o ABSOLUTE
    ../clib/microlib/printf/printf.c         0x00000000   Number         0  printf1.o ABSOLUTE
    ../clib/microlib/printf/printf.c         0x00000000   Number         0  printf2.o ABSOLUTE
    ../clib/microlib/printf/printf.c         0x00000000   Number         0  printf3.o ABSOLUTE
    ../clib/microlib/printf/printf.c         0x00000000   Number         0  printf4.o ABSOLUTE
    ../clib/microlib/printf/printf.c         0x00000000   Number         0  printf5.o ABSOLUTE
    ../clib/microlib/printf/printf.c         0x00000000   Number         0  printf6.o ABSOLUTE
    ../clib/microlib/printf/printf.c         0x00000000   Number         0  printf7.o ABSOLUTE
    ../clib/microlib/printf/printf.c         0x00000000   Number         0  printf8.o ABSOLUTE
    ../clib/microlib/printf/printf.c         0x00000000   Number         0  printfa.o ABSOLUTE
    ../clib/microlib/printf/stubs.s          0x00000000   Number         0  printfstubs.o ABSOLUTE
    ../clib/microlib/stdio/fputc.c           0x00000000   Number         0  fputc.o ABSOLUTE
    ../clib/microlib/stdio/fputc.c           0x00000000   Number         0  fputc_h.o ABSOLUTE
    ../clib/microlib/stdio/putchar.c         0x00000000   Number         0  putchar.o ABSOLUTE
    ../clib/microlib/stdio/puts.c            0x00000000   Number         0  puts.o ABSOLUTE
    ../clib/microlib/stdio/puts.c            0x00000000   Number         0  puts_e.o ABSOLUTE
    ../clib/microlib/stdio/semi.s            0x00000000   Number         0  semi.o ABSOLUTE
    ../clib/microlib/stdio/streams.c         0x00000000   Number         0  stdout.o ABSOLUTE
    ../clib/microlib/string/memcpy.c         0x00000000   Number         0  memcpya.o ABSOLUTE
    ../clib/microlib/string/memcpy.c         0x00000000   Number         0  memcpyb.o ABSOLUTE
    ../clib/microlib/string/memset.c         0x00000000   Number         0  memseta.o ABSOLUTE
    ../clib/microlib/stubs.s                 0x00000000   Number         0  iusefp.o ABSOLUTE
    ../clib/microlib/stubs.s                 0x00000000   Number         0  iusesemip.o ABSOLUTE
    ../fplib/microlib/fpadd.c                0x00000000   Number         0  dadd.o ABSOLUTE
    ../fplib/microlib/fpdiv.c                0x00000000   Number         0  ddiv.o ABSOLUTE
    ../fplib/microlib/fpepilogue.c           0x00000000   Number         0  depilogue.o ABSOLUTE
    ../fplib/microlib/fpfix.c                0x00000000   Number         0  dfixul.o ABSOLUTE
    ../fplib/microlib/fpmul.c                0x00000000   Number         0  dmul.o ABSOLUTE
    cdrcmple.s                               0x00000000   Number         0  cdrcmple.o ABSOLUTE
    dc.s                                     0x00000000   Number         0  dc.o ABSOLUTE
    handlers.s                               0x00000000   Number         0  handlers.o ABSOLUTE
    init.s                                   0x00000000   Number         0  init.o ABSOLUTE
    ld-temp.o                                0x00000000   Number         0  lto-llvm-e7916a.o ABSOLUTE
    startup_stm32f030x6.s                    0x00000000   Number         0  startup_stm32f030x6.o ABSOLUTE
    RESET                                    0x08000000   Section      176  startup_stm32f030x6.o(RESET)
    .ARM.Collect$$$$00000000                 0x080000b0   Section        0  entry.o(.ARM.Collect$$$$00000000)
    .ARM.Collect$$$$00000001                 0x080000b0   Section        4  entry2.o(.ARM.Collect$$$$00000001)
    .ARM.Collect$$$$00000004                 0x080000b4   Section        4  entry5.o(.ARM.Collect$$$$00000004)
    .ARM.Collect$$$$00000008                 0x080000b8   Section        0  entry7b.o(.ARM.Collect$$$$00000008)
    .ARM.Collect$$$$0000000A                 0x080000b8   Section        0  entry8b.o(.ARM.Collect$$$$0000000A)
    .ARM.Collect$$$$0000000B                 0x080000b8   Section        8  entry9a.o(.ARM.Collect$$$$0000000B)
    __lit__00000000                          0x080000c0   Data           4  entry2.o(.ARM.Collect$$$$00002712)
    .ARM.Collect$$$$0000000D                 0x080000c0   Section        0  entry10a.o(.ARM.Collect$$$$0000000D)
    .ARM.Collect$$$$0000000F                 0x080000c0   Section        0  entry11a.o(.ARM.Collect$$$$0000000F)
    .ARM.Collect$$$$00002712                 0x080000c0   Section        4  entry2.o(.ARM.Collect$$$$00002712)
    .text                                    0x080000c4   Section       28  startup_stm32f030x6.o(.text)
    .text                                    0x080000e0   Section       36  init.o(.text)
    .text                                    0x08000104   Section        0  uidiv_div0.o(.text)
    .text                                    0x08000142   Section        0  memseta.o(.text)
    HAL_GPIO_DeInit                          0x08000169   Thumb Code   176  lto-llvm-e7916a.o(.text.HAL_GPIO_DeInit)
    [Anonymous Symbol]                       0x08000168   Section        0  lto-llvm-e7916a.o(.text.HAL_GPIO_DeInit)
    HAL_GPIO_Init                            0x08000219   Thumb Code   408  lto-llvm-e7916a.o(.text.HAL_GPIO_Init)
    [Anonymous Symbol]                       0x08000218   Section        0  lto-llvm-e7916a.o(.text.HAL_GPIO_Init)
    __arm_cp.27_0                            0x080003b0   Number         4  lto-llvm-e7916a.o(.text.HAL_GPIO_Init)
    __arm_cp.27_1                            0x080003b4   Number         4  lto-llvm-e7916a.o(.text.HAL_GPIO_Init)
    __arm_cp.27_2                            0x080003b8   Number         4  lto-llvm-e7916a.o(.text.HAL_GPIO_Init)
    __arm_cp.27_3                            0x080003bc   Number         4  lto-llvm-e7916a.o(.text.HAL_GPIO_Init)
    __arm_cp.27_4                            0x080003c0   Number         4  lto-llvm-e7916a.o(.text.HAL_GPIO_Init)
    __arm_cp.27_5                            0x080003c4   Number         4  lto-llvm-e7916a.o(.text.HAL_GPIO_Init)
    HAL_I2C_Mem_Read                         0x080003c9   Thumb Code   612  lto-llvm-e7916a.o(.text.HAL_I2C_Mem_Read)
    [Anonymous Symbol]                       0x080003c8   Section        0  lto-llvm-e7916a.o(.text.HAL_I2C_Mem_Read)
    __arm_cp.26_0                            0x0800062c   Number         4  lto-llvm-e7916a.o(.text.HAL_I2C_Mem_Read)
    __arm_cp.26_1                            0x08000630   Number         4  lto-llvm-e7916a.o(.text.HAL_I2C_Mem_Read)
    __arm_cp.26_2                            0x08000634   Number         4  lto-llvm-e7916a.o(.text.HAL_I2C_Mem_Read)
    __arm_cp.26_3                            0x08000638   Number         4  lto-llvm-e7916a.o(.text.HAL_I2C_Mem_Read)
    __arm_cp.26_4                            0x0800063c   Number         4  lto-llvm-e7916a.o(.text.HAL_I2C_Mem_Read)
    __arm_cp.26_5                            0x08000640   Number         4  lto-llvm-e7916a.o(.text.HAL_I2C_Mem_Read)
    __arm_cp.26_7                            0x08000644   Number         4  lto-llvm-e7916a.o(.text.HAL_I2C_Mem_Read)
    HAL_I2C_Mem_Write                        0x08000649   Thumb Code   592  lto-llvm-e7916a.o(.text.HAL_I2C_Mem_Write)
    [Anonymous Symbol]                       0x08000648   Section        0  lto-llvm-e7916a.o(.text.HAL_I2C_Mem_Write)
    __arm_cp.25_1                            0x08000898   Number         4  lto-llvm-e7916a.o(.text.HAL_I2C_Mem_Write)
    __arm_cp.25_2                            0x0800089c   Number         4  lto-llvm-e7916a.o(.text.HAL_I2C_Mem_Write)
    __arm_cp.25_3                            0x080008a0   Number         4  lto-llvm-e7916a.o(.text.HAL_I2C_Mem_Write)
    __arm_cp.25_4                            0x080008a4   Number         4  lto-llvm-e7916a.o(.text.HAL_I2C_Mem_Write)
    __arm_cp.25_5                            0x080008a8   Number         4  lto-llvm-e7916a.o(.text.HAL_I2C_Mem_Write)
    __arm_cp.25_6                            0x080008ac   Number         4  lto-llvm-e7916a.o(.text.HAL_I2C_Mem_Write)
    HAL_I2C_MspDeInit                        0x080008b1   Thumb Code    40  lto-llvm-e7916a.o(.text.HAL_I2C_MspDeInit)
    [Anonymous Symbol]                       0x080008b0   Section        0  lto-llvm-e7916a.o(.text.HAL_I2C_MspDeInit)
    __arm_cp.18_0                            0x080008d8   Number         4  lto-llvm-e7916a.o(.text.HAL_I2C_MspDeInit)
    __arm_cp.18_1                            0x080008dc   Number         4  lto-llvm-e7916a.o(.text.HAL_I2C_MspDeInit)
    HAL_NVIC_SystemReset                     0x080008e1   Thumb Code    24  lto-llvm-e7916a.o(.text.HAL_NVIC_SystemReset)
    [Anonymous Symbol]                       0x080008e0   Section        0  lto-llvm-e7916a.o(.text.HAL_NVIC_SystemReset)
    __arm_cp.29_0                            0x080008f8   Number         4  lto-llvm-e7916a.o(.text.HAL_NVIC_SystemReset)
    __arm_cp.29_1                            0x080008fc   Number         4  lto-llvm-e7916a.o(.text.HAL_NVIC_SystemReset)
    HAL_TIM_Base_Init                        0x08000901   Thumb Code   244  lto-llvm-e7916a.o(.text.HAL_TIM_Base_Init)
    [Anonymous Symbol]                       0x08000900   Section        0  lto-llvm-e7916a.o(.text.HAL_TIM_Base_Init)
    __arm_cp.30_1                            0x080009f4   Number         4  lto-llvm-e7916a.o(.text.HAL_TIM_Base_Init)
    __arm_cp.30_2                            0x080009f8   Number         4  lto-llvm-e7916a.o(.text.HAL_TIM_Base_Init)
    __arm_cp.30_3                            0x080009fc   Number         4  lto-llvm-e7916a.o(.text.HAL_TIM_Base_Init)
    __arm_cp.30_4                            0x08000a00   Number         4  lto-llvm-e7916a.o(.text.HAL_TIM_Base_Init)
    __arm_cp.30_7                            0x08000a04   Number         4  lto-llvm-e7916a.o(.text.HAL_TIM_Base_Init)
    __arm_cp.30_8                            0x08000a08   Number         4  lto-llvm-e7916a.o(.text.HAL_TIM_Base_Init)
    __arm_cp.30_9                            0x08000a0c   Number         4  lto-llvm-e7916a.o(.text.HAL_TIM_Base_Init)
    HAL_TIM_Base_Start_IT                    0x08000a11   Thumb Code    56  lto-llvm-e7916a.o(.text.HAL_TIM_Base_Start_IT)
    [Anonymous Symbol]                       0x08000a10   Section        0  lto-llvm-e7916a.o(.text.HAL_TIM_Base_Start_IT)
    __arm_cp.31_0                            0x08000a48   Number         4  lto-llvm-e7916a.o(.text.HAL_TIM_Base_Start_IT)
    __arm_cp.31_1                            0x08000a4c   Number         4  lto-llvm-e7916a.o(.text.HAL_TIM_Base_Start_IT)
    __arm_cp.31_2                            0x08000a50   Number         4  lto-llvm-e7916a.o(.text.HAL_TIM_Base_Start_IT)
    HAL_UART_ErrorCallback                   0x08000a55   Thumb Code   240  lto-llvm-e7916a.o(.text.HAL_UART_ErrorCallback)
    [Anonymous Symbol]                       0x08000a54   Section        0  lto-llvm-e7916a.o(.text.HAL_UART_ErrorCallback)
    HAL_UART_MspDeInit                       0x08000b45   Thumb Code    48  lto-llvm-e7916a.o(.text.HAL_UART_MspDeInit)
    [Anonymous Symbol]                       0x08000b44   Section        0  lto-llvm-e7916a.o(.text.HAL_UART_MspDeInit)
    __arm_cp.19_1                            0x08000b74   Number         4  lto-llvm-e7916a.o(.text.HAL_UART_MspDeInit)
    __arm_cp.19_2                            0x08000b78   Number         4  lto-llvm-e7916a.o(.text.HAL_UART_MspDeInit)
    __arm_cp.19_3                            0x08000b7c   Number         4  lto-llvm-e7916a.o(.text.HAL_UART_MspDeInit)
    HAL_UART_Receive_IT                      0x08000b81   Thumb Code   244  lto-llvm-e7916a.o(.text.HAL_UART_Receive_IT)
    [Anonymous Symbol]                       0x08000b80   Section        0  lto-llvm-e7916a.o(.text.HAL_UART_Receive_IT)
    __arm_cp.33_0                            0x08000c74   Number         4  lto-llvm-e7916a.o(.text.HAL_UART_Receive_IT)
    __arm_cp.33_2                            0x08000c78   Number         4  lto-llvm-e7916a.o(.text.HAL_UART_Receive_IT)
    __arm_cp.33_3                            0x08000c7c   Number         4  lto-llvm-e7916a.o(.text.HAL_UART_Receive_IT)
    __arm_cp.33_4                            0x08000c80   Number         4  lto-llvm-e7916a.o(.text.HAL_UART_Receive_IT)
    HAL_UART_RxCpltCallback                  0x08000c85   Thumb Code   440  lto-llvm-e7916a.o(.text.HAL_UART_RxCpltCallback)
    [Anonymous Symbol]                       0x08000c84   Section        0  lto-llvm-e7916a.o(.text.HAL_UART_RxCpltCallback)
    __arm_cp.9_0                             0x08000e3c   Number         4  lto-llvm-e7916a.o(.text.HAL_UART_RxCpltCallback)
    __arm_cp.9_1                             0x08000e40   Number         4  lto-llvm-e7916a.o(.text.HAL_UART_RxCpltCallback)
    __arm_cp.9_2                             0x08000e44   Number         4  lto-llvm-e7916a.o(.text.HAL_UART_RxCpltCallback)
    __arm_cp.9_3                             0x08000e48   Number         4  lto-llvm-e7916a.o(.text.HAL_UART_RxCpltCallback)
    __arm_cp.9_4                             0x08000e4c   Number         4  lto-llvm-e7916a.o(.text.HAL_UART_RxCpltCallback)
    __arm_cp.9_5                             0x08000e50   Number         4  lto-llvm-e7916a.o(.text.HAL_UART_RxCpltCallback)
    __arm_cp.9_6                             0x08000e54   Number         4  lto-llvm-e7916a.o(.text.HAL_UART_RxCpltCallback)
    __arm_cp.9_7                             0x08000e58   Number         4  lto-llvm-e7916a.o(.text.HAL_UART_RxCpltCallback)
    __arm_cp.9_8                             0x08000e5c   Number         4  lto-llvm-e7916a.o(.text.HAL_UART_RxCpltCallback)
    [Anonymous Symbol]                       0x08000e60   Section        0  lto-llvm-e7916a.o(.text.HardFault_Handler)
    I2C_IsErrorOccurred                      0x08000e65   Thumb Code   288  lto-llvm-e7916a.o(.text.I2C_IsErrorOccurred)
    [Anonymous Symbol]                       0x08000e64   Section        0  lto-llvm-e7916a.o(.text.I2C_IsErrorOccurred)
    __arm_cp.23_2                            0x08000f84   Number         4  lto-llvm-e7916a.o(.text.I2C_IsErrorOccurred)
    I2C_WaitOnSTOPFlagUntilTimeout           0x08000f89   Thumb Code   100  lto-llvm-e7916a.o(.text.I2C_WaitOnSTOPFlagUntilTimeout)
    [Anonymous Symbol]                       0x08000f88   Section        0  lto-llvm-e7916a.o(.text.I2C_WaitOnSTOPFlagUntilTimeout)
    __arm_cp.24_0                            0x08000fec   Number         4  lto-llvm-e7916a.o(.text.I2C_WaitOnSTOPFlagUntilTimeout)
    __arm_cp.24_1                            0x08000ff0   Number         4  lto-llvm-e7916a.o(.text.I2C_WaitOnSTOPFlagUntilTimeout)
    JALOUSIE_GET_Listener                    0x08000ff5   Thumb Code   120  lto-llvm-e7916a.o(.text.JALOUSIE_GET_Listener)
    [Anonymous Symbol]                       0x08000ff4   Section        0  lto-llvm-e7916a.o(.text.JALOUSIE_GET_Listener)
    JALOUSIE_RESET_Listener                  0x0800106d   Thumb Code    96  lto-llvm-e7916a.o(.text.JALOUSIE_RESET_Listener)
    [Anonymous Symbol]                       0x0800106c   Section        0  lto-llvm-e7916a.o(.text.JALOUSIE_RESET_Listener)
    __arm_cp.6_3                             0x080010cc   Number         4  lto-llvm-e7916a.o(.text.JALOUSIE_RESET_Listener)
    JALOUSIE_SETUP_Listener                  0x080010d1   Thumb Code   148  lto-llvm-e7916a.o(.text.JALOUSIE_SETUP_Listener)
    [Anonymous Symbol]                       0x080010d0   Section        0  lto-llvm-e7916a.o(.text.JALOUSIE_SETUP_Listener)
    __arm_cp.5_3                             0x08001164   Number         4  lto-llvm-e7916a.o(.text.JALOUSIE_SETUP_Listener)
    __arm_cp.5_4                             0x08001168   Number         4  lto-llvm-e7916a.o(.text.JALOUSIE_SETUP_Listener)
    __arm_cp.5_5                             0x0800116c   Number         4  lto-llvm-e7916a.o(.text.JALOUSIE_SETUP_Listener)
    __arm_cp.5_6                             0x08001170   Number         4  lto-llvm-e7916a.o(.text.JALOUSIE_SETUP_Listener)
    JALOUSIE_SET_Listener                    0x08001175   Thumb Code   132  lto-llvm-e7916a.o(.text.JALOUSIE_SET_Listener)
    [Anonymous Symbol]                       0x08001174   Section        0  lto-llvm-e7916a.o(.text.JALOUSIE_SET_Listener)
    __arm_cp.4_0                             0x080011f8   Number         4  lto-llvm-e7916a.o(.text.JALOUSIE_SET_Listener)
    __arm_cp.4_1                             0x080011fc   Number         4  lto-llvm-e7916a.o(.text.JALOUSIE_SET_Listener)
    __arm_cp.4_2                             0x08001200   Number         4  lto-llvm-e7916a.o(.text.JALOUSIE_SET_Listener)
    __arm_cp.4_3                             0x08001204   Number         4  lto-llvm-e7916a.o(.text.JALOUSIE_SET_Listener)
    __arm_cp.4_4                             0x08001208   Number         4  lto-llvm-e7916a.o(.text.JALOUSIE_SET_Listener)
    [Anonymous Symbol]                       0x0800120c   Section        0  lto-llvm-e7916a.o(.text.NMI_Handler)
    [Anonymous Symbol]                       0x0800120e   Section        0  lto-llvm-e7916a.o(.text.PendSV_Handler)
    [Anonymous Symbol]                       0x08001210   Section        0  lto-llvm-e7916a.o(.text.SVC_Handler)
    [Anonymous Symbol]                       0x08001214   Section        0  lto-llvm-e7916a.o(.text.SysTick_Handler)
    __arm_cp.15_0                            0x08001298   Number         4  lto-llvm-e7916a.o(.text.SysTick_Handler)
    __arm_cp.15_1                            0x0800129c   Number         4  lto-llvm-e7916a.o(.text.SysTick_Handler)
    __arm_cp.15_4                            0x080012a0   Number         4  lto-llvm-e7916a.o(.text.SysTick_Handler)
    [Anonymous Symbol]                       0x080012a4   Section        0  lto-llvm-e7916a.o(.text.SystemInit)
    TF_AddTypeListener                       0x080012a9   Thumb Code   308  lto-llvm-e7916a.o(.text.TF_AddTypeListener)
    [Anonymous Symbol]                       0x080012a8   Section        0  lto-llvm-e7916a.o(.text.TF_AddTypeListener)
    __arm_cp.20_0                            0x080013dc   Number         4  lto-llvm-e7916a.o(.text.TF_AddTypeListener)
    __arm_cp.20_2                            0x080013e0   Number         4  lto-llvm-e7916a.o(.text.TF_AddTypeListener)
    __arm_cp.20_3                            0x080013e4   Number         4  lto-llvm-e7916a.o(.text.TF_AddTypeListener)
    __arm_cp.20_4                            0x080013e8   Number         4  lto-llvm-e7916a.o(.text.TF_AddTypeListener)
    __arm_cp.20_5                            0x080013ec   Number         4  lto-llvm-e7916a.o(.text.TF_AddTypeListener)
    __arm_cp.20_6                            0x080013f0   Number         4  lto-llvm-e7916a.o(.text.TF_AddTypeListener)
    __arm_cp.20_7                            0x080013f4   Number         4  lto-llvm-e7916a.o(.text.TF_AddTypeListener)
    __arm_cp.20_8                            0x080013f8   Number         4  lto-llvm-e7916a.o(.text.TF_AddTypeListener)
    __arm_cp.20_9                            0x080013fc   Number         4  lto-llvm-e7916a.o(.text.TF_AddTypeListener)
    __arm_cp.20_10                           0x08001400   Number         4  lto-llvm-e7916a.o(.text.TF_AddTypeListener)
    __arm_cp.20_11                           0x08001404   Number         4  lto-llvm-e7916a.o(.text.TF_AddTypeListener)
    __arm_cp.20_12                           0x08001408   Number         4  lto-llvm-e7916a.o(.text.TF_AddTypeListener)
    __arm_cp.20_13                           0x0800140c   Number         4  lto-llvm-e7916a.o(.text.TF_AddTypeListener)
    __arm_cp.20_14                           0x08001410   Number         4  lto-llvm-e7916a.o(.text.TF_AddTypeListener)
    __arm_cp.20_15                           0x08001414   Number         4  lto-llvm-e7916a.o(.text.TF_AddTypeListener)
    __arm_cp.20_16                           0x08001418   Number         4  lto-llvm-e7916a.o(.text.TF_AddTypeListener)
    __arm_cp.20_17                           0x0800141c   Number         4  lto-llvm-e7916a.o(.text.TF_AddTypeListener)
    __arm_cp.20_18                           0x08001420   Number         4  lto-llvm-e7916a.o(.text.TF_AddTypeListener)
    __arm_cp.20_19                           0x08001424   Number         4  lto-llvm-e7916a.o(.text.TF_AddTypeListener)
    __arm_cp.20_20                           0x08001428   Number         4  lto-llvm-e7916a.o(.text.TF_AddTypeListener)
    TF_HandleReceivedMessage                 0x0800142d   Thumb Code   396  lto-llvm-e7916a.o(.text.TF_HandleReceivedMessage)
    [Anonymous Symbol]                       0x0800142c   Section        0  lto-llvm-e7916a.o(.text.TF_HandleReceivedMessage)
    __arm_cp.21_0                            0x080015b8   Number         4  lto-llvm-e7916a.o(.text.TF_HandleReceivedMessage)
    __arm_cp.21_1                            0x080015bc   Number         4  lto-llvm-e7916a.o(.text.TF_HandleReceivedMessage)
    __arm_cp.21_2                            0x080015c0   Number         4  lto-llvm-e7916a.o(.text.TF_HandleReceivedMessage)
    __arm_cp.21_3                            0x080015c4   Number         4  lto-llvm-e7916a.o(.text.TF_HandleReceivedMessage)
    TF_Respond                               0x080015c9   Thumb Code   504  lto-llvm-e7916a.o(.text.TF_Respond)
    [Anonymous Symbol]                       0x080015c8   Section        0  lto-llvm-e7916a.o(.text.TF_Respond)
    __arm_cp.22_0                            0x080017c0   Number         4  lto-llvm-e7916a.o(.text.TF_Respond)
    __arm_cp.22_1                            0x080017c4   Number         4  lto-llvm-e7916a.o(.text.TF_Respond)
    __arm_cp.22_2                            0x080017c8   Number         4  lto-llvm-e7916a.o(.text.TF_Respond)
    TF_WriteImpl                             0x080017cd   Thumb Code   300  lto-llvm-e7916a.o(.text.TF_WriteImpl)
    [Anonymous Symbol]                       0x080017cc   Section        0  lto-llvm-e7916a.o(.text.TF_WriteImpl)
    __arm_cp.8_0                             0x080018f8   Number         4  lto-llvm-e7916a.o(.text.TF_WriteImpl)
    __arm_cp.8_1                             0x080018fc   Number         4  lto-llvm-e7916a.o(.text.TF_WriteImpl)
    __arm_cp.8_2                             0x08001900   Number         4  lto-llvm-e7916a.o(.text.TF_WriteImpl)
    [Anonymous Symbol]                       0x08001904   Section        0  lto-llvm-e7916a.o(.text.TIM14_IRQHandler)
    __arm_cp.16_0                            0x08001ab8   Number         4  lto-llvm-e7916a.o(.text.TIM14_IRQHandler)
    __arm_cp.16_1                            0x08001abc   Number         4  lto-llvm-e7916a.o(.text.TIM14_IRQHandler)
    __arm_cp.16_2                            0x08001ac0   Number         4  lto-llvm-e7916a.o(.text.TIM14_IRQHandler)
    __arm_cp.16_3                            0x08001ac4   Number         4  lto-llvm-e7916a.o(.text.TIM14_IRQHandler)
    __arm_cp.16_4                            0x08001ac8   Number         4  lto-llvm-e7916a.o(.text.TIM14_IRQHandler)
    __arm_cp.16_5                            0x08001acc   Number         4  lto-llvm-e7916a.o(.text.TIM14_IRQHandler)
    __arm_cp.16_6                            0x08001ad0   Number         4  lto-llvm-e7916a.o(.text.TIM14_IRQHandler)
    UART_DMAAbortOnError                     0x08001ad5   Thumb Code    22  lto-llvm-e7916a.o(.text.UART_DMAAbortOnError)
    [Anonymous Symbol]                       0x08001ad4   Section        0  lto-llvm-e7916a.o(.text.UART_DMAAbortOnError)
    UART_RxISR_16BIT                         0x08001aeb   Thumb Code   192  lto-llvm-e7916a.o(.text.UART_RxISR_16BIT)
    [Anonymous Symbol]                       0x08001aea   Section        0  lto-llvm-e7916a.o(.text.UART_RxISR_16BIT)
    UART_RxISR_8BIT                          0x08001bab   Thumb Code   194  lto-llvm-e7916a.o(.text.UART_RxISR_8BIT)
    [Anonymous Symbol]                       0x08001baa   Section        0  lto-llvm-e7916a.o(.text.UART_RxISR_8BIT)
    UART_WaitOnFlagUntilTimeout              0x08001c6d   Thumb Code   260  lto-llvm-e7916a.o(.text.UART_WaitOnFlagUntilTimeout)
    [Anonymous Symbol]                       0x08001c6c   Section        0  lto-llvm-e7916a.o(.text.UART_WaitOnFlagUntilTimeout)
    __arm_cp.32_0                            0x08001d70   Number         4  lto-llvm-e7916a.o(.text.UART_WaitOnFlagUntilTimeout)
    [Anonymous Symbol]                       0x08001d74   Section        0  lto-llvm-e7916a.o(.text.USART1_IRQHandler)
    __arm_cp.17_6                            0x08002094   Number         4  lto-llvm-e7916a.o(.text.USART1_IRQHandler)
    __arm_cp.17_0                            0x08002168   Number         4  lto-llvm-e7916a.o(.text.USART1_IRQHandler)
    __arm_cp.17_2                            0x0800216c   Number         4  lto-llvm-e7916a.o(.text.USART1_IRQHandler)
    __arm_cp.17_3                            0x08002170   Number         4  lto-llvm-e7916a.o(.text.USART1_IRQHandler)
    ee_load                                  0x08002175   Thumb Code   196  lto-llvm-e7916a.o(.text.ee_load)
    [Anonymous Symbol]                       0x08002174   Section        0  lto-llvm-e7916a.o(.text.ee_load)
    __arm_cp.7_0                             0x08002238   Number         4  lto-llvm-e7916a.o(.text.ee_load)
    __arm_cp.7_1                             0x0800223c   Number         4  lto-llvm-e7916a.o(.text.ee_load)
    get_address                              0x08002241   Thumb Code    80  lto-llvm-e7916a.o(.text.get_address)
    [Anonymous Symbol]                       0x08002240   Section        0  lto-llvm-e7916a.o(.text.get_address)
    __arm_cp.0_0                             0x08002290   Number         4  lto-llvm-e7916a.o(.text.get_address)
    __arm_cp.0_1                             0x08002294   Number         4  lto-llvm-e7916a.o(.text.get_address)
    __arm_cp.0_2                             0x08002298   Number         4  lto-llvm-e7916a.o(.text.get_address)
    __arm_cp.0_3                             0x0800229c   Number         4  lto-llvm-e7916a.o(.text.get_address)
    __arm_cp.0_4                             0x080022a0   Number         4  lto-llvm-e7916a.o(.text.get_address)
    [Anonymous Symbol]                       0x080022a4   Section        0  lto-llvm-e7916a.o(.text.main)
    __arm_cp.2_76                            0x0800265c   Number         4  lto-llvm-e7916a.o(.text.main)
    __arm_cp.2_81                            0x08002670   Number         4  lto-llvm-e7916a.o(.text.main)
    __arm_cp.2_82                            0x08002674   Number         4  lto-llvm-e7916a.o(.text.main)
    __arm_cp.2_88                            0x0800268c   Number         4  lto-llvm-e7916a.o(.text.main)
    AHBPrescTable                            0x08002a90   Number         0  lto-llvm-e7916a.o(.text.main)
    __arm_cp.2_97                            0x08002aa8   Number         4  lto-llvm-e7916a.o(.text.main)
    __arm_cp.2_98                            0x08002aac   Number         4  lto-llvm-e7916a.o(.text.main)
    __arm_cp.2_99                            0x08002ab0   Number         4  lto-llvm-e7916a.o(.text.main)
    __arm_cp.2_100                           0x08002ab4   Number         4  lto-llvm-e7916a.o(.text.main)
    __arm_cp.2_101                           0x08002ab8   Number         4  lto-llvm-e7916a.o(.text.main)
    __arm_cp.2_102                           0x08002abc   Number         4  lto-llvm-e7916a.o(.text.main)
    __arm_cp.2_106                           0x08002acc   Number         4  lto-llvm-e7916a.o(.text.main)
    __arm_cp.2_108                           0x08002ad4   Number         4  lto-llvm-e7916a.o(.text.main)
    __arm_cp.2_111                           0x08002ae0   Number         4  lto-llvm-e7916a.o(.text.main)
    __arm_cp.2_115                           0x08002e4c   Number         4  lto-llvm-e7916a.o(.text.main)
    __arm_cp.2_116                           0x08002e50   Number         4  lto-llvm-e7916a.o(.text.main)
    __arm_cp.2_123                           0x08002e6c   Number         4  lto-llvm-e7916a.o(.text.main)
    __arm_cp.2_124                           0x080030b4   Number         4  lto-llvm-e7916a.o(.text.main)
    __arm_cp.2_126                           0x080030bc   Number         4  lto-llvm-e7916a.o(.text.main)
    __arm_cp.2_127                           0x080030c0   Number         4  lto-llvm-e7916a.o(.text.main)
    __arm_cp.2_128                           0x080030c4   Number         4  lto-llvm-e7916a.o(.text.main)
    __arm_cp.2_131                           0x080030d0   Number         4  lto-llvm-e7916a.o(.text.main)
    __arm_cp.2_132                           0x080030d4   Number         4  lto-llvm-e7916a.o(.text.main)
    __arm_cp.2_133                           0x080030d8   Number         4  lto-llvm-e7916a.o(.text.main)
    __arm_cp.2_134                           0x080030dc   Number         4  lto-llvm-e7916a.o(.text.main)
    __arm_cp.2_136                           0x080030e4   Number         4  lto-llvm-e7916a.o(.text.main)
    __arm_cp.2_179                           0x080034c0   Number         4  lto-llvm-e7916a.o(.text.main)
    __arm_cp.2_180                           0x080034c4   Number         4  lto-llvm-e7916a.o(.text.main)
    __arm_cp.2_142                           0x0800350c   Number         4  lto-llvm-e7916a.o(.text.main)
    __arm_cp.2_143                           0x08003510   Number         4  lto-llvm-e7916a.o(.text.main)
    __arm_cp.2_145                           0x08003518   Number         4  lto-llvm-e7916a.o(.text.main)
    __arm_cp.2_146                           0x0800351c   Number         4  lto-llvm-e7916a.o(.text.main)
    __arm_cp.2_148                           0x08003524   Number         4  lto-llvm-e7916a.o(.text.main)
    __arm_cp.2_150                           0x0800352c   Number         4  lto-llvm-e7916a.o(.text.main)
    __arm_cp.2_151                           0x08003530   Number         4  lto-llvm-e7916a.o(.text.main)
    __arm_cp.2_152                           0x08003534   Number         4  lto-llvm-e7916a.o(.text.main)
    __arm_cp.2_153                           0x08003538   Number         4  lto-llvm-e7916a.o(.text.main)
    __arm_cp.2_154                           0x0800353c   Number         4  lto-llvm-e7916a.o(.text.main)
    __arm_cp.2_155                           0x08003540   Number         4  lto-llvm-e7916a.o(.text.main)
    __arm_cp.2_157                           0x08003548   Number         4  lto-llvm-e7916a.o(.text.main)
    __arm_cp.2_159                           0x08003550   Number         4  lto-llvm-e7916a.o(.text.main)
    __arm_cp.2_160                           0x08003554   Number         4  lto-llvm-e7916a.o(.text.main)
    __arm_cp.2_161                           0x08003558   Number         4  lto-llvm-e7916a.o(.text.main)
    __arm_cp.2_162                           0x0800355c   Number         4  lto-llvm-e7916a.o(.text.main)
    __arm_cp.2_168                           0x08003574   Number         4  lto-llvm-e7916a.o(.text.main)
    __arm_cp.2_169                           0x08003578   Number         4  lto-llvm-e7916a.o(.text.main)
    __arm_cp.2_170                           0x0800357c   Number         4  lto-llvm-e7916a.o(.text.main)
    __arm_cp.2_171                           0x08003910   Number         4  lto-llvm-e7916a.o(.text.main)
    __arm_cp.2_172                           0x08003914   Number         4  lto-llvm-e7916a.o(.text.main)
    __arm_cp.2_173                           0x08003918   Number         4  lto-llvm-e7916a.o(.text.main)
    __arm_cp.2_174                           0x0800391c   Number         4  lto-llvm-e7916a.o(.text.main)
    __arm_cp.2_175                           0x08003920   Number         4  lto-llvm-e7916a.o(.text.main)
    __arm_cp.2_7                             0x080039e4   Number         4  lto-llvm-e7916a.o(.text.main)
    __arm_cp.2_9                             0x080039e8   Number         4  lto-llvm-e7916a.o(.text.main)
    __arm_cp.2_11                            0x080039ec   Number         4  lto-llvm-e7916a.o(.text.main)
    __arm_cp.2_18                            0x080039f0   Number         4  lto-llvm-e7916a.o(.text.main)
    __arm_cp.2_21                            0x080039f4   Number         4  lto-llvm-e7916a.o(.text.main)
    __arm_cp.2_26                            0x080039f8   Number         4  lto-llvm-e7916a.o(.text.main)
    __arm_cp.2_27                            0x080039fc   Number         4  lto-llvm-e7916a.o(.text.main)
    __arm_cp.2_28                            0x08003a00   Number         4  lto-llvm-e7916a.o(.text.main)
    __arm_cp.2_29                            0x08003a04   Number         4  lto-llvm-e7916a.o(.text.main)
    __arm_cp.2_51                            0x08003a08   Number         4  lto-llvm-e7916a.o(.text.main)
    __arm_cp.2_53                            0x08003a0c   Number         4  lto-llvm-e7916a.o(.text.main)
    __arm_cp.2_54                            0x08003a10   Number         4  lto-llvm-e7916a.o(.text.main)
    __arm_cp.2_56                            0x08003a14   Number         4  lto-llvm-e7916a.o(.text.main)
    __arm_cp.2_66                            0x08003a18   Number         4  lto-llvm-e7916a.o(.text.main)
    __arm_cp.2_67                            0x08003a1c   Number         4  lto-llvm-e7916a.o(.text.main)
    __arm_cp.2_68                            0x08003a20   Number         4  lto-llvm-e7916a.o(.text.main)
    __arm_cp.2_69                            0x08003a24   Number         4  lto-llvm-e7916a.o(.text.main)
    __arm_cp.2_70                            0x08003a28   Number         4  lto-llvm-e7916a.o(.text.main)
    __arm_cp.2_71                            0x08003a2c   Number         4  lto-llvm-e7916a.o(.text.main)
    __arm_cp.2_72                            0x08003a30   Number         4  lto-llvm-e7916a.o(.text.main)
    __arm_cp.2_73                            0x08003a34   Number         4  lto-llvm-e7916a.o(.text.main)
    start_effect                             0x08003a39   Thumb Code   376  lto-llvm-e7916a.o(.text.start_effect)
    [Anonymous Symbol]                       0x08003a38   Section        0  lto-llvm-e7916a.o(.text.start_effect)
    __arm_cp.1_0                             0x08003bb0   Number         4  lto-llvm-e7916a.o(.text.start_effect)
    __arm_cp.1_1                             0x08003bb4   Number         4  lto-llvm-e7916a.o(.text.start_effect)
    __arm_cp.1_2                             0x08003bb8   Number         4  lto-llvm-e7916a.o(.text.start_effect)
    __arm_cp.1_3                             0x08003bbc   Number         4  lto-llvm-e7916a.o(.text.start_effect)
    i.__scatterload_copy                     0x08003bc0   Section       14  handlers.o(i.__scatterload_copy)
    i.__scatterload_null                     0x08003bce   Section        2  handlers.o(i.__scatterload_null)
    i.__scatterload_zeroinit                 0x08003bd0   Section       14  handlers.o(i.__scatterload_zeroinit)
    crc16_table                              0x08003bde   Data         512  lto-llvm-e7916a.o(.rodata.crc16_table)
    [Anonymous Symbol]                       0x08003bde   Section        0  lto-llvm-e7916a.o(.rodata.crc16_table)
    jalousie_pins_up                         0x08003dde   Data          16  lto-llvm-e7916a.o(.rodata.cst16)
    [Anonymous Symbol]                       0x08003dde   Section        0  lto-llvm-e7916a.o(.rodata.cst16)
    jalousie_pins_down                       0x08003dee   Data          16  lto-llvm-e7916a.o(.rodata.cst16)
    HAL_RCC_GetSysClockFreq.aPLLMULFactorTable 0x08003dfe   Data          16  lto-llvm-e7916a.o(.rodata.cst16)
    HAL_RCC_GetSysClockFreq.aPredivFactorTable 0x08003e0e   Data          16  lto-llvm-e7916a.o(.rodata.cst16)
    jalousie_ports_up                        0x08003e20   Data          32  lto-llvm-e7916a.o(.rodata.cst32)
    [Anonymous Symbol]                       0x08003e20   Section        0  lto-llvm-e7916a.o(.rodata.cst32)
    jalousie_ports_down                      0x08003e40   Data          32  lto-llvm-e7916a.o(.rodata.cst32)
    APBPrescTable                            0x08003e60   Data           8  lto-llvm-e7916a.o(.rodata.cst8)
    [Anonymous Symbol]                       0x08003e60   Section        0  lto-llvm-e7916a.o(.rodata.cst8)
    SystemCoreClock                          0x20000000   Data           4  lto-llvm-e7916a.o(.data.SystemCoreClock)
    [Anonymous Symbol]                       0x20000000   Section        0  lto-llvm-e7916a.o(.data.SystemCoreClock)
    jalousie_timeout                         0x20000004   Data          32  lto-llvm-e7916a.o(.data.jalousie_timeout)
    [Anonymous Symbol]                       0x20000004   Section        0  lto-llvm-e7916a.o(.data.jalousie_timeout)
    selected_channel                         0x20000024   Data           1  lto-llvm-e7916a.o(.data.selected_channel)
    [Anonymous Symbol]                       0x20000024   Section        0  lto-llvm-e7916a.o(.data.selected_channel)
    active_row                               0x20000028   Data           1  lto-llvm-e7916a.o(.bss.active_row)
    [Anonymous Symbol]                       0x20000028   Section        0  lto-llvm-e7916a.o(.bss.active_row)
    button_down_prev                         0x20000029   Data           1  lto-llvm-e7916a.o(.bss.button_down_prev)
    [Anonymous Symbol]                       0x20000029   Section        0  lto-llvm-e7916a.o(.bss.button_down_prev)
    button_select_prev                       0x2000002a   Data           1  lto-llvm-e7916a.o(.bss.button_select_prev)
    [Anonymous Symbol]                       0x2000002a   Section        0  lto-llvm-e7916a.o(.bss.button_select_prev)
    button_up_prev                           0x2000002b   Data           1  lto-llvm-e7916a.o(.bss.button_up_prev)
    [Anonymous Symbol]                       0x2000002b   Section        0  lto-llvm-e7916a.o(.bss.button_up_prev)
    ee_check.last_eeprom_check               0x2000002c   Data           4  lto-llvm-e7916a.o(.bss.ee_check.last_eeprom_check)
    [Anonymous Symbol]                       0x2000002c   Section        0  lto-llvm-e7916a.o(.bss.ee_check.last_eeprom_check)
    ee_save_flag                             0x20000030   Data           1  lto-llvm-e7916a.o(.bss.ee_save_flag)
    [Anonymous Symbol]                       0x20000030   Section        0  lto-llvm-e7916a.o(.bss.ee_save_flag)
    eesta                                    0x20000031   Data           1  lto-llvm-e7916a.o(.bss.eesta)
    [Anonymous Symbol]                       0x20000031   Section        0  lto-llvm-e7916a.o(.bss.eesta)
    first_toggle                             0x20000032   Data           1  lto-llvm-e7916a.o(.bss.first_toggle)
    [Anonymous Symbol]                       0x20000032   Section        0  lto-llvm-e7916a.o(.bss.first_toggle)
    hadc                                     0x20000034   Data          64  lto-llvm-e7916a.o(.bss.hadc)
    [Anonymous Symbol]                       0x20000034   Section        0  lto-llvm-e7916a.o(.bss.hadc)
    hi2c1                                    0x20000074   Data          84  lto-llvm-e7916a.o(.bss.hi2c1)
    [Anonymous Symbol]                       0x20000074   Section        0  lto-llvm-e7916a.o(.bss.hi2c1)
    htim14                                   0x200000c8   Data          72  lto-llvm-e7916a.o(.bss.htim14)
    [Anonymous Symbol]                       0x200000c8   Section        0  lto-llvm-e7916a.o(.bss.htim14)
    huart1                                   0x20000110   Data         136  lto-llvm-e7916a.o(.bss.huart1)
    [Anonymous Symbol]                       0x20000110   Section        0  lto-llvm-e7916a.o(.bss.huart1)
    init_tf                                  0x20000198   Data           1  lto-llvm-e7916a.o(.bss.init_tf)
    [Anonymous Symbol]                       0x20000198   Section        0  lto-llvm-e7916a.o(.bss.init_tf)
    jalousie                                 0x200001a0   Data           8  lto-llvm-e7916a.o(.bss.jalousie)
    [Anonymous Symbol]                       0x200001a0   Section        0  lto-llvm-e7916a.o(.bss.jalousie)
    jalousie_end                             0x200001a8   Data           2  lto-llvm-e7916a.o(.bss.jalousie_end)
    [Anonymous Symbol]                       0x200001a8   Section        0  lto-llvm-e7916a.o(.bss.jalousie_end)
    jalousie_start                           0x200001aa   Data           2  lto-llvm-e7916a.o(.bss.jalousie_start)
    [Anonymous Symbol]                       0x200001aa   Section        0  lto-llvm-e7916a.o(.bss.jalousie_start)
    jalousie_tmr                             0x200001ac   Data          32  lto-llvm-e7916a.o(.bss.jalousie_tmr)
    [Anonymous Symbol]                       0x200001ac   Section        0  lto-llvm-e7916a.o(.bss.jalousie_tmr)
    last_toggle_time                         0x200001cc   Data           4  lto-llvm-e7916a.o(.bss.last_toggle_time)
    [Anonymous Symbol]                       0x200001cc   Section        0  lto-llvm-e7916a.o(.bss.last_toggle_time)
    led_state                                0x200001d0   Data           9  lto-llvm-e7916a.o(.bss.led_state)
    [Anonymous Symbol]                       0x200001d0   Section        0  lto-llvm-e7916a.o(.bss.led_state)
    menu_activ                               0x200001d9   Data           1  lto-llvm-e7916a.o(.bss.menu_activ)
    [Anonymous Symbol]                       0x200001d9   Section        0  lto-llvm-e7916a.o(.bss.menu_activ)
    menu_timer                               0x200001dc   Data           4  lto-llvm-e7916a.o(.bss.menu_timer)
    [Anonymous Symbol]                       0x200001dc   Section        0  lto-llvm-e7916a.o(.bss.menu_timer)
    my_address                               0x200001e0   Data           1  lto-llvm-e7916a.o(.bss.my_address)
    [Anonymous Symbol]                       0x200001e0   Section        0  lto-llvm-e7916a.o(.bss.my_address)
    rec                                      0x200001e1   Data           1  lto-llvm-e7916a.o(.bss.rec)
    [Anonymous Symbol]                       0x200001e1   Section        0  lto-llvm-e7916a.o(.bss.rec)
    reset                                    0x200001e2   Data           1  lto-llvm-e7916a.o(.bss.reset)
    [Anonymous Symbol]                       0x200001e2   Section        0  lto-llvm-e7916a.o(.bss.reset)
    tfapp                                    0x200001e4   Data        1776  lto-llvm-e7916a.o(.bss.tfapp)
    [Anonymous Symbol]                       0x200001e4   Section        0  lto-llvm-e7916a.o(.bss.tfapp)
    toggle_state                             0x200008d4   Data           1  lto-llvm-e7916a.o(.bss.toggle_state)
    [Anonymous Symbol]                       0x200008d4   Section        0  lto-llvm-e7916a.o(.bss.toggle_state)
    uwTick                                   0x200008d8   Data           4  lto-llvm-e7916a.o(.bss.uwTick)
    [Anonymous Symbol]                       0x200008d8   Section        0  lto-llvm-e7916a.o(.bss.uwTick)
    STACK                                    0x200008e0   Section     1024  startup_stm32f030x6.o(STACK)

    Global Symbols

    Symbol Name                              Value     Ov Type        Size  Object(Section)

    BuildAttributes$$THM_ISAv3M$S$PE$A:L22$X:L11$S22$IEEE1$IW$~IW$USESV6$~STKCKD$USESV7$~SHL$OTIME$ROPI$IEEEF$EBA8$MICROLIB$REQ8$PRES8$EABIv2 0x00000000   Number         0  anon$$obj.o ABSOLUTE
    _printf_a                                0x00000000   Number         0  printfstubs.o ABSOLUTE
    _printf_c                                0x00000000   Number         0  printfstubs.o ABSOLUTE
    _printf_charcount                        0x00000000   Number         0  printfstubs.o ABSOLUTE
    _printf_d                                0x00000000   Number         0  printfstubs.o ABSOLUTE
    _printf_e                                0x00000000   Number         0  printfstubs.o ABSOLUTE
    _printf_f                                0x00000000   Number         0  printfstubs.o ABSOLUTE
    _printf_flags                            0x00000000   Number         0  printfstubs.o ABSOLUTE
    _printf_fp_dec                           0x00000000   Number         0  printfstubs.o ABSOLUTE
    _printf_fp_hex                           0x00000000   Number         0  printfstubs.o ABSOLUTE
    _printf_g                                0x00000000   Number         0  printfstubs.o ABSOLUTE
    _printf_i                                0x00000000   Number         0  printfstubs.o ABSOLUTE
    _printf_int_dec                          0x00000000   Number         0  printfstubs.o ABSOLUTE
    _printf_l                                0x00000000   Number         0  printfstubs.o ABSOLUTE
    _printf_lc                               0x00000000   Number         0  printfstubs.o ABSOLUTE
    _printf_ll                               0x00000000   Number         0  printfstubs.o ABSOLUTE
    _printf_lld                              0x00000000   Number         0  printfstubs.o ABSOLUTE
    _printf_lli                              0x00000000   Number         0  printfstubs.o ABSOLUTE
    _printf_llo                              0x00000000   Number         0  printfstubs.o ABSOLUTE
    _printf_llu                              0x00000000   Number         0  printfstubs.o ABSOLUTE
    _printf_llx                              0x00000000   Number         0  printfstubs.o ABSOLUTE
    _printf_longlong_dec                     0x00000000   Number         0  printfstubs.o ABSOLUTE
    _printf_longlong_hex                     0x00000000   Number         0  printfstubs.o ABSOLUTE
    _printf_longlong_oct                     0x00000000   Number         0  printfstubs.o ABSOLUTE
    _printf_ls                               0x00000000   Number         0  printfstubs.o ABSOLUTE
    _printf_mbtowc                           0x00000000   Number         0  printfstubs.o ABSOLUTE
    _printf_n                                0x00000000   Number         0  printfstubs.o ABSOLUTE
    _printf_o                                0x00000000   Number         0  printfstubs.o ABSOLUTE
    _printf_p                                0x00000000   Number         0  printfstubs.o ABSOLUTE
    _printf_percent                          0x00000000   Number         0  printfstubs.o ABSOLUTE
    _printf_pre_padding                      0x00000000   Number         0  printfstubs.o ABSOLUTE
    _printf_return_value                     0x00000000   Number         0  printfstubs.o ABSOLUTE
    _printf_s                                0x00000000   Number         0  printfstubs.o ABSOLUTE
    _printf_sizespec                         0x00000000   Number         0  printfstubs.o ABSOLUTE
    _printf_str                              0x00000000   Number         0  printfstubs.o ABSOLUTE
    _printf_truncate_signed                  0x00000000   Number         0  printfstubs.o ABSOLUTE
    _printf_truncate_unsigned                0x00000000   Number         0  printfstubs.o ABSOLUTE
    _printf_u                                0x00000000   Number         0  printfstubs.o ABSOLUTE
    _printf_wc                               0x00000000   Number         0  printfstubs.o ABSOLUTE
    _printf_wctomb                           0x00000000   Number         0  printfstubs.o ABSOLUTE
    _printf_widthprec                        0x00000000   Number         0  printfstubs.o ABSOLUTE
    _printf_x                                0x00000000   Number         0  printfstubs.o ABSOLUTE
    __cpp_initialize__aeabi_                  - Undefined Weak Reference
    __cxa_finalize                            - Undefined Weak Reference
    __decompress                              - Undefined Weak Reference
    _clock_init                               - Undefined Weak Reference
    _microlib_exit                            - Undefined Weak Reference
    __Vectors_Size                           0x000000b0   Number         0  startup_stm32f030x6.o ABSOLUTE
    __Vectors                                0x08000000   Data           4  startup_stm32f030x6.o(RESET)
    __Vectors_End                            0x080000b0   Data           0  startup_stm32f030x6.o(RESET)
    __main                                   0x080000b1   Thumb Code     0  entry.o(.ARM.Collect$$$$00000000)
    _main_stk                                0x080000b1   Thumb Code     0  entry2.o(.ARM.Collect$$$$00000001)
    _main_scatterload                        0x080000b5   Thumb Code     0  entry5.o(.ARM.Collect$$$$00000004)
    __main_after_scatterload                 0x080000b9   Thumb Code     0  entry5.o(.ARM.Collect$$$$00000004)
    _main_clock                              0x080000b9   Thumb Code     0  entry7b.o(.ARM.Collect$$$$00000008)
    _main_cpp_init                           0x080000b9   Thumb Code     0  entry8b.o(.ARM.Collect$$$$0000000A)
    _main_init                               0x080000b9   Thumb Code     0  entry9a.o(.ARM.Collect$$$$0000000B)
    __rt_final_cpp                           0x080000c1   Thumb Code     0  entry10a.o(.ARM.Collect$$$$0000000D)
    __rt_final_exit                          0x080000c1   Thumb Code     0  entry11a.o(.ARM.Collect$$$$0000000F)
    Reset_Handler                            0x080000c5   Thumb Code     8  startup_stm32f030x6.o(.text)
    ADC1_IRQHandler                          0x080000d7   Thumb Code     0  startup_stm32f030x6.o(.text)
    DMA1_Channel1_IRQHandler                 0x080000d7   Thumb Code     0  startup_stm32f030x6.o(.text)
    DMA1_Channel2_3_IRQHandler               0x080000d7   Thumb Code     0  startup_stm32f030x6.o(.text)
    DMA1_Channel4_5_IRQHandler               0x080000d7   Thumb Code     0  startup_stm32f030x6.o(.text)
    EXTI0_1_IRQHandler                       0x080000d7   Thumb Code     0  startup_stm32f030x6.o(.text)
    EXTI2_3_IRQHandler                       0x080000d7   Thumb Code     0  startup_stm32f030x6.o(.text)
    EXTI4_15_IRQHandler                      0x080000d7   Thumb Code     0  startup_stm32f030x6.o(.text)
    FLASH_IRQHandler                         0x080000d7   Thumb Code     0  startup_stm32f030x6.o(.text)
    I2C1_IRQHandler                          0x080000d7   Thumb Code     0  startup_stm32f030x6.o(.text)
    RCC_IRQHandler                           0x080000d7   Thumb Code     0  startup_stm32f030x6.o(.text)
    RTC_IRQHandler                           0x080000d7   Thumb Code     0  startup_stm32f030x6.o(.text)
    SPI1_IRQHandler                          0x080000d7   Thumb Code     0  startup_stm32f030x6.o(.text)
    TIM16_IRQHandler                         0x080000d7   Thumb Code     0  startup_stm32f030x6.o(.text)
    TIM17_IRQHandler                         0x080000d7   Thumb Code     0  startup_stm32f030x6.o(.text)
    TIM1_BRK_UP_TRG_COM_IRQHandler           0x080000d7   Thumb Code     0  startup_stm32f030x6.o(.text)
    TIM1_CC_IRQHandler                       0x080000d7   Thumb Code     0  startup_stm32f030x6.o(.text)
    TIM3_IRQHandler                          0x080000d7   Thumb Code     0  startup_stm32f030x6.o(.text)
    WWDG_IRQHandler                          0x080000d7   Thumb Code     0  startup_stm32f030x6.o(.text)
    __scatterload                            0x080000e1   Thumb Code    28  init.o(.text)
    __scatterload_rt2                        0x080000e1   Thumb Code     0  init.o(.text)
    __aeabi_uidiv                            0x08000105   Thumb Code     0  uidiv_div0.o(.text)
    __aeabi_uidivmod                         0x08000105   Thumb Code    62  uidiv_div0.o(.text)
    __aeabi_memset                           0x08000143   Thumb Code    14  memseta.o(.text)
    __aeabi_memset4                          0x08000143   Thumb Code     0  memseta.o(.text)
    __aeabi_memset8                          0x08000143   Thumb Code     0  memseta.o(.text)
    __aeabi_memclr                           0x08000151   Thumb Code     4  memseta.o(.text)
    __aeabi_memclr4                          0x08000151   Thumb Code     0  memseta.o(.text)
    __aeabi_memclr8                          0x08000151   Thumb Code     0  memseta.o(.text)
    _memset$wrapper                          0x08000155   Thumb Code    18  memseta.o(.text)
    HardFault_Handler                        0x08000e61   Thumb Code     2  lto-llvm-e7916a.o(.text.HardFault_Handler)
    NMI_Handler                              0x0800120d   Thumb Code     2  lto-llvm-e7916a.o(.text.NMI_Handler)
    PendSV_Handler                           0x0800120f   Thumb Code     2  lto-llvm-e7916a.o(.text.PendSV_Handler)
    SVC_Handler                              0x08001211   Thumb Code     2  lto-llvm-e7916a.o(.text.SVC_Handler)
    SysTick_Handler                          0x08001215   Thumb Code   132  lto-llvm-e7916a.o(.text.SysTick_Handler)
    SystemInit                               0x080012a5   Thumb Code     2  lto-llvm-e7916a.o(.text.SystemInit)
    TIM14_IRQHandler                         0x08001905   Thumb Code   436  lto-llvm-e7916a.o(.text.TIM14_IRQHandler)
    USART1_IRQHandler                        0x08001d75   Thumb Code  1012  lto-llvm-e7916a.o(.text.USART1_IRQHandler)
    main                                     0x080022a5   Thumb Code  5952  lto-llvm-e7916a.o(.text.main)
    __scatterload_copy                       0x08003bc1   Thumb Code    14  handlers.o(i.__scatterload_copy)
    __scatterload_null                       0x08003bcf   Thumb Code     2  handlers.o(i.__scatterload_null)
    __scatterload_zeroinit                   0x08003bd1   Thumb Code    14  handlers.o(i.__scatterload_zeroinit)
    Region$$Table$$Base                      0x08003e68   Number         0  anon$$obj.o(Region$$Table)
    Region$$Table$$Limit                     0x08003e88   Number         0  anon$$obj.o(Region$$Table)
    __initial_sp                             0x20000ce0   Data           0  startup_stm32f030x6.o(STACK)



==============================================================================

Memory Map of the image

  Image Entry point : 0x080000b1

  Load Region LR_IROM1 (Base: 0x08000000, Size: 0x00003eb0, Max: 0x00008000, ABSOLUTE)

    Execution Region ER_IROM1 (Exec base: 0x08000000, Load base: 0x08000000, Size: 0x00003e88, Max: 0x00008000, ABSOLUTE)

    Exec Addr    Load Addr    Size         Type   Attr      Idx    E Section Name        Object

    0x08000000   0x08000000   0x000000b0   Data   RO            3    RESET               startup_stm32f030x6.o
    0x080000b0   0x080000b0   0x00000000   Code   RO           35  * .ARM.Collect$$$$00000000  mc_p.l(entry.o)
    0x080000b0   0x080000b0   0x00000004   Code   RO          333    .ARM.Collect$$$$00000001  mc_p.l(entry2.o)
    0x080000b4   0x080000b4   0x00000004   Code   RO          336    .ARM.Collect$$$$00000004  mc_p.l(entry5.o)
    0x080000b8   0x080000b8   0x00000000   Code   RO          338    .ARM.Collect$$$$00000008  mc_p.l(entry7b.o)
    0x080000b8   0x080000b8   0x00000000   Code   RO          340    .ARM.Collect$$$$0000000A  mc_p.l(entry8b.o)
    0x080000b8   0x080000b8   0x00000008   Code   RO          341    .ARM.Collect$$$$0000000B  mc_p.l(entry9a.o)
    0x080000c0   0x080000c0   0x00000000   Code   RO          343    .ARM.Collect$$$$0000000D  mc_p.l(entry10a.o)
    0x080000c0   0x080000c0   0x00000000   Code   RO          345    .ARM.Collect$$$$0000000F  mc_p.l(entry11a.o)
    0x080000c0   0x080000c0   0x00000004   Code   RO          334    .ARM.Collect$$$$00002712  mc_p.l(entry2.o)
    0x080000c4   0x080000c4   0x0000001c   Code   RO            4    .text               startup_stm32f030x6.o
    0x080000e0   0x080000e0   0x00000024   Code   RO          375    .text               mc_p.l(init.o)
    0x08000104   0x08000104   0x0000003e   Code   RO          380    .text               mc_p.l(uidiv_div0.o)
    0x08000142   0x08000142   0x00000024   Code   RO          516    .text               mc_p.l(memseta.o)
    0x08000166   0x08000166   0x00000002   PAD
    0x08000168   0x08000168   0x000000b0   Code   RO          454    .text.HAL_GPIO_DeInit  lto-llvm-e7916a.o
    0x08000218   0x08000218   0x000001b0   Code   RO          452    .text.HAL_GPIO_Init  lto-llvm-e7916a.o
    0x080003c8   0x080003c8   0x00000280   Code   RO          450    .text.HAL_I2C_Mem_Read  lto-llvm-e7916a.o
    0x08000648   0x08000648   0x00000268   Code   RO          448    .text.HAL_I2C_Mem_Write  lto-llvm-e7916a.o
    0x080008b0   0x080008b0   0x00000030   Code   RO          434    .text.HAL_I2C_MspDeInit  lto-llvm-e7916a.o
    0x080008e0   0x080008e0   0x00000020   Code   RO          456    .text.HAL_NVIC_SystemReset  lto-llvm-e7916a.o
    0x08000900   0x08000900   0x00000110   Code   RO          458    .text.HAL_TIM_Base_Init  lto-llvm-e7916a.o
    0x08000a10   0x08000a10   0x00000044   Code   RO          460    .text.HAL_TIM_Base_Start_IT  lto-llvm-e7916a.o
    0x08000a54   0x08000a54   0x000000f0   Code   RO          418    .text.HAL_UART_ErrorCallback  lto-llvm-e7916a.o
    0x08000b44   0x08000b44   0x0000003c   Code   RO          436    .text.HAL_UART_MspDeInit  lto-llvm-e7916a.o
    0x08000b80   0x08000b80   0x00000104   Code   RO          464    .text.HAL_UART_Receive_IT  lto-llvm-e7916a.o
    0x08000c84   0x08000c84   0x000001dc   Code   RO          416    .text.HAL_UART_RxCpltCallback  lto-llvm-e7916a.o
    0x08000e60   0x08000e60   0x00000002   Code   RO          422    .text.HardFault_Handler  lto-llvm-e7916a.o
    0x08000e62   0x08000e62   0x00000002   PAD
    0x08000e64   0x08000e64   0x00000124   Code   RO          444    .text.I2C_IsErrorOccurred  lto-llvm-e7916a.o
    0x08000f88   0x08000f88   0x0000006c   Code   RO          446    .text.I2C_WaitOnSTOPFlagUntilTimeout  lto-llvm-e7916a.o
    0x08000ff4   0x08000ff4   0x00000078   Code   RO          404    .text.JALOUSIE_GET_Listener  lto-llvm-e7916a.o
    0x0800106c   0x0800106c   0x00000064   Code   RO          410    .text.JALOUSIE_RESET_Listener  lto-llvm-e7916a.o
    0x080010d0   0x080010d0   0x000000a4   Code   RO          408    .text.JALOUSIE_SETUP_Listener  lto-llvm-e7916a.o
    0x08001174   0x08001174   0x00000098   Code   RO          406    .text.JALOUSIE_SET_Listener  lto-llvm-e7916a.o
    0x0800120c   0x0800120c   0x00000002   Code   RO          420    .text.NMI_Handler   lto-llvm-e7916a.o
    0x0800120e   0x0800120e   0x00000002   Code   RO          426    .text.PendSV_Handler  lto-llvm-e7916a.o
    0x08001210   0x08001210   0x00000002   Code   RO          424    .text.SVC_Handler   lto-llvm-e7916a.o
    0x08001212   0x08001212   0x00000002   PAD
    0x08001214   0x08001214   0x00000090   Code   RO          428    .text.SysTick_Handler  lto-llvm-e7916a.o
    0x080012a4   0x080012a4   0x00000002   Code   RO          472    .text.SystemInit    lto-llvm-e7916a.o
    0x080012a6   0x080012a6   0x00000002   PAD
    0x080012a8   0x080012a8   0x00000184   Code   RO          438    .text.TF_AddTypeListener  lto-llvm-e7916a.o
    0x0800142c   0x0800142c   0x0000019c   Code   RO          440    .text.TF_HandleReceivedMessage  lto-llvm-e7916a.o
    0x080015c8   0x080015c8   0x00000204   Code   RO          442    .text.TF_Respond    lto-llvm-e7916a.o
    0x080017cc   0x080017cc   0x00000138   Code   RO          414    .text.TF_WriteImpl  lto-llvm-e7916a.o
    0x08001904   0x08001904   0x000001d0   Code   RO          430    .text.TIM14_IRQHandler  lto-llvm-e7916a.o
    0x08001ad4   0x08001ad4   0x00000016   Code   RO          470    .text.UART_DMAAbortOnError  lto-llvm-e7916a.o
    0x08001aea   0x08001aea   0x000000c0   Code   RO          468    .text.UART_RxISR_16BIT  lto-llvm-e7916a.o
    0x08001baa   0x08001baa   0x000000c2   Code   RO          466    .text.UART_RxISR_8BIT  lto-llvm-e7916a.o
    0x08001c6c   0x08001c6c   0x00000108   Code   RO          462    .text.UART_WaitOnFlagUntilTimeout  lto-llvm-e7916a.o
    0x08001d74   0x08001d74   0x00000400   Code   RO          432    .text.USART1_IRQHandler  lto-llvm-e7916a.o
    0x08002174   0x08002174   0x000000cc   Code   RO          412    .text.ee_load       lto-llvm-e7916a.o
    0x08002240   0x08002240   0x00000064   Code   RO          398    .text.get_address   lto-llvm-e7916a.o
    0x080022a4   0x080022a4   0x00001794   Code   RO          402    .text.main          lto-llvm-e7916a.o
    0x08003a38   0x08003a38   0x00000188   Code   RO          400    .text.start_effect  lto-llvm-e7916a.o
    0x08003bc0   0x08003bc0   0x0000000e   Code   RO          520    i.__scatterload_copy  mc_p.l(handlers.o)
    0x08003bce   0x08003bce   0x00000002   Code   RO          521    i.__scatterload_null  mc_p.l(handlers.o)
    0x08003bd0   0x08003bd0   0x0000000e   Code   RO          522    i.__scatterload_zeroinit  mc_p.l(handlers.o)
    0x08003bde   0x08003bde   0x00000200   Data   RO          505    .rodata.crc16_table  lto-llvm-e7916a.o
    0x08003dde   0x08003dde   0x00000040   Data   RO          478    .rodata.cst16       lto-llvm-e7916a.o
    0x08003e1e   0x08003e1e   0x00000002   PAD
    0x08003e20   0x08003e20   0x00000040   Data   RO          477    .rodata.cst32       lto-llvm-e7916a.o
    0x08003e60   0x08003e60   0x00000008   Data   RO          508    .rodata.cst8        lto-llvm-e7916a.o
    0x08003e68   0x08003e68   0x00000020   Data   RO          519    Region$$Table       anon$$obj.o


    Execution Region RW_IRAM1 (Exec base: 0x20000000, Load base: 0x08003e88, Size: 0x00000ce0, Max: 0x00001000, ABSOLUTE)

    Exec Addr    Load Addr    Size         Type   Attr      Idx    E Section Name        Object

    0x20000000   0x08003e88   0x00000004   Data   RW          507    .data.SystemCoreClock  lto-llvm-e7916a.o
    0x20000004   0x08003e8c   0x00000020   Data   RW          476    .data.jalousie_timeout  lto-llvm-e7916a.o
    0x20000024   0x08003eac   0x00000001   Data   RW          485    .data.selected_channel  lto-llvm-e7916a.o
    0x20000025   0x08003ead   0x00000003   PAD
    0x20000028        -       0x00000001   Zero   RW          480    .bss.active_row     lto-llvm-e7916a.o
    0x20000029        -       0x00000001   Zero   RW          488    .bss.button_down_prev  lto-llvm-e7916a.o
    0x2000002a        -       0x00000001   Zero   RW          486    .bss.button_select_prev  lto-llvm-e7916a.o
    0x2000002b        -       0x00000001   Zero   RW          487    .bss.button_up_prev  lto-llvm-e7916a.o
    0x2000002c        -       0x00000004   Zero   RW          501    .bss.ee_check.last_eeprom_check  lto-llvm-e7916a.o
    0x20000030        -       0x00000001   Zero   RW          489    .bss.ee_save_flag   lto-llvm-e7916a.o
    0x20000031        -       0x00000001   Zero   RW          496    .bss.eesta          lto-llvm-e7916a.o
    0x20000032        -       0x00000001   Zero   RW          495    .bss.first_toggle   lto-llvm-e7916a.o
    0x20000033   0x08003ead   0x00000001   PAD
    0x20000034        -       0x00000040   Zero   RW          499    .bss.hadc           lto-llvm-e7916a.o
    0x20000074        -       0x00000054   Zero   RW          500    .bss.hi2c1          lto-llvm-e7916a.o
    0x200000c8        -       0x00000048   Zero   RW          503    .bss.htim14         lto-llvm-e7916a.o
    0x20000110        -       0x00000088   Zero   RW          504    .bss.huart1         lto-llvm-e7916a.o
    0x20000198        -       0x00000001   Zero   RW          490    .bss.init_tf        lto-llvm-e7916a.o
    0x20000199   0x08003ead   0x00000007   PAD
    0x200001a0        -       0x00000008   Zero   RW          474    .bss.jalousie       lto-llvm-e7916a.o
    0x200001a8        -       0x00000002   Zero   RW          494    .bss.jalousie_end   lto-llvm-e7916a.o
    0x200001aa        -       0x00000002   Zero   RW          493    .bss.jalousie_start  lto-llvm-e7916a.o
    0x200001ac        -       0x00000020   Zero   RW          475    .bss.jalousie_tmr   lto-llvm-e7916a.o
    0x200001cc        -       0x00000004   Zero   RW          482    .bss.last_toggle_time  lto-llvm-e7916a.o
    0x200001d0        -       0x00000009   Zero   RW          479    .bss.led_state      lto-llvm-e7916a.o
    0x200001d9        -       0x00000001   Zero   RW          484    .bss.menu_activ     lto-llvm-e7916a.o
    0x200001da   0x08003ead   0x00000002   PAD
    0x200001dc        -       0x00000004   Zero   RW          481    .bss.menu_timer     lto-llvm-e7916a.o
    0x200001e0        -       0x00000001   Zero   RW          492    .bss.my_address     lto-llvm-e7916a.o
    0x200001e1        -       0x00000001   Zero   RW          498    .bss.rec            lto-llvm-e7916a.o
    0x200001e2        -       0x00000001   Zero   RW          491    .bss.reset          lto-llvm-e7916a.o
    0x200001e3   0x08003ead   0x00000001   PAD
    0x200001e4        -       0x000006f0   Zero   RW          497    .bss.tfapp          lto-llvm-e7916a.o
    0x200008d4        -       0x00000001   Zero   RW          483    .bss.toggle_state   lto-llvm-e7916a.o
    0x200008d5   0x08003ead   0x00000003   PAD
    0x200008d8        -       0x00000004   Zero   RW          506    .bss.uwTick         lto-llvm-e7916a.o
    0x200008dc   0x08003ead   0x00000004   PAD
    0x200008e0        -       0x00000400   Zero   RW            1    STACK               startup_stm32f030x6.o


==============================================================================

Image component sizes


      Code (inc. data)   RO Data    RW Data    ZI Data      Debug   Object Name

     14930       1050        648         37       2214     100632   lto-llvm-e7916a.o
        28          8        176          0       1024        612   startup_stm32f030x6.o

    ----------------------------------------------------------------------
     14964       1058        858         40       3256     101244   Object Totals
         0          0         32          0          0          0   (incl. Generated)
         6          0          2          3         18          0   (incl. Padding)

    ----------------------------------------------------------------------

      Code (inc. data)   RO Data    RW Data    ZI Data      Debug   Library Member Name

         0          0          0          0          0          0   entry.o
         0          0          0          0          0          0   entry10a.o
         0          0          0          0          0          0   entry11a.o
         8          4          0          0          0          0   entry2.o
         4          0          0          0          0          0   entry5.o
         0          0          0          0          0          0   entry7b.o
         0          0          0          0          0          0   entry8b.o
         8          4          0          0          0          0   entry9a.o
        30          0          0          0          0          0   handlers.o
        36          8          0          0          0         68   init.o
        36          0          0          0          0        100   memseta.o
        62          0          0          0          0         72   uidiv_div0.o

    ----------------------------------------------------------------------
       186         16          0          0          0        240   Library Totals
         2          0          0          0          0          0   (incl. Padding)

    ----------------------------------------------------------------------

      Code (inc. data)   RO Data    RW Data    ZI Data      Debug   Library Name

       184         16          0          0          0        240   mc_p.l

    ----------------------------------------------------------------------
       186         16          0          0          0        240   Library Totals

    ----------------------------------------------------------------------

==============================================================================


      Code (inc. data)   RO Data    RW Data    ZI Data      Debug   

     15150       1074        858         40       3256     101636   Grand Totals
     15150       1074        858         40       3256     101636   ELF Image Totals
     15150       1074        858         40          0          0   ROM Totals

==============================================================================

    Total RO  Size (Code + RO Data)                16008 (  15.63kB)
    Total RW  Size (RW Data + ZI Data)              3296 (   3.22kB)
    Total ROM Size (Code + RO Data + RW Data)      16048 (  15.67kB)

==============================================================================

